Archive member included to satisfy reference by file (symbol)

/opt/devkitpro/libctru/lib/libctru.a(console.o)
                              main.o (consoleInit)
/opt/devkitpro/libctru/lib/libctru.a(gfx.o)
                              /opt/devkitpro/libctru/lib/libctru.a(console.o) (gfxIsWide)
/opt/devkitpro/libctru/lib/libctru.a(apt.o)
                              main.o (aptMainLoop)
/opt/devkitpro/libctru/lib/libctru.a(gspgpu.o)
                              /opt/devkitpro/libctru/lib/libctru.a(gfx.o) (gspInit)
/opt/devkitpro/libctru/lib/libctru.a(hid.o)
                              main.o (hidScanInput)
/opt/devkitpro/libctru/lib/libctru.a(irrst.o)
                              /opt/devkitpro/libctru/lib/libctru.a(hid.o) (irrstInit)
/opt/devkitpro/libctru/lib/libctru.a(soc_connect.o)
                              main.o (connect)
/opt/devkitpro/libctru/lib/libctru.a(soc_inet_pton.o)
                              main.o (inet_pton)
/opt/devkitpro/libctru/lib/libctru.a(soc_init.o)
                              main.o (socInit)
/opt/devkitpro/libctru/lib/libctru.a(soc_recv.o)
                              main.o (recv)
/opt/devkitpro/libctru/lib/libctru.a(soc_recvfrom.o)
                              /opt/devkitpro/libctru/lib/libctru.a(soc_init.o) (soc_recvfrom)
/opt/devkitpro/libctru/lib/libctru.a(soc_send.o)
                              main.o (send)
/opt/devkitpro/libctru/lib/libctru.a(soc_sendto.o)
                              /opt/devkitpro/libctru/lib/libctru.a(soc_init.o) (soc_sendto)
/opt/devkitpro/libctru/lib/libctru.a(soc_socket.o)
                              main.o (socket)
/opt/devkitpro/libctru/lib/libctru.a(ctru_init.o)
                              /opt/devkitpro/libctru/lib/libctru.a(apt.o) (__system_retAddr)
/opt/devkitpro/libctru/lib/libctru.a(initArgv.o)
                              /opt/devkitpro/libctru/lib/libctru.a(ctru_init.o) (__system_initArgv)
/opt/devkitpro/libctru/lib/libctru.a(syscalls.o)
                              /opt/devkitpro/libctru/lib/libctru.a(ctru_init.o) (__system_initSyscalls)
/opt/devkitpro/libctru/lib/libctru.a(svc.o)
                              /opt/devkitpro/libctru/lib/libctru.a(apt.o) (svcSleepThread)
/opt/devkitpro/libctru/lib/libctru.a(stack_adjust.o)
                              /opt/devkitpro/devkitARM/lib/gcc/arm-none-eabi/15.2.0/../../../../arm-none-eabi/lib/armv6k/fpu/3dsx_crt0.o (initSystem)
/opt/devkitpro/libctru/lib/libctru.a(default_font.bin.o)
                              /opt/devkitpro/libctru/lib/libctru.a(console.o) (default_font_bin)
/opt/devkitpro/libctru/lib/libctru.a(linear.o)
                              /opt/devkitpro/libctru/lib/libctru.a(gfx.o) (linearAlloc)
/opt/devkitpro/libctru/lib/libctru.a(mem_pool.o)
                              /opt/devkitpro/libctru/lib/libctru.a(linear.o) (_ZN7MemPool8AllocateER8MemChunkmi)
/opt/devkitpro/libctru/lib/libctru.a(vram.o)
                              /opt/devkitpro/libctru/lib/libctru.a(gfx.o) (vramAlloc)
/opt/devkitpro/libctru/lib/libctru.a(3dslink.o)
                              /opt/devkitpro/libctru/lib/libctru.a(initArgv.o) (__3dslink_host)
/opt/devkitpro/libctru/lib/libctru.a(env.o)
                              /opt/devkitpro/libctru/lib/libctru.a(irrst.o) (envGetHandle)
/opt/devkitpro/libctru/lib/libctru.a(os.o)
                              /opt/devkitpro/libctru/lib/libctru.a(syscalls.o) (osGetTime)
/opt/devkitpro/libctru/lib/libctru.a(srv.o)
                              /opt/devkitpro/libctru/lib/libctru.a(apt.o) (srvInit)
/opt/devkitpro/libctru/lib/libctru.a(synchronization.o)
                              /opt/devkitpro/libctru/lib/libctru.a(ctru_init.o) (__sync_init)
/opt/devkitpro/libctru/lib/libctru.a(thread.o)
                              /opt/devkitpro/libctru/lib/libctru.a(apt.o) (threadCreate)
/opt/devkitpro/libctru/lib/libctru.a(mappable.o)
                              /opt/devkitpro/libctru/lib/libctru.a(apt.o) (mappableAlloc)
/opt/devkitpro/libctru/lib/libctru.a(ptmsysm.o)
                              /opt/devkitpro/libctru/lib/libctru.a(os.o) (ptmSysmInit)
/opt/devkitpro/libctru/lib/libctru.a(srvpm.o)
                              /opt/devkitpro/libctru/lib/libctru.a(srv.o) (srvPmGetSessionHandle)
/opt/devkitpro/libctru/lib/libctru.a(soc_common.o)
                              /opt/devkitpro/libctru/lib/libctru.a(soc_connect.o) (_net_convert_error)
/opt/devkitpro/libctru/lib/libctru.a(rbtree_find.o)
                              /opt/devkitpro/libctru/lib/libctru.a(linear.o) (rbtree_find)
/opt/devkitpro/libctru/lib/libctru.a(rbtree_init.o)
                              /opt/devkitpro/libctru/lib/libctru.a(linear.o) (rbtree_init)
/opt/devkitpro/libctru/lib/libctru.a(rbtree_insert.o)
                              /opt/devkitpro/libctru/lib/libctru.a(linear.o) (rbtree_insert)
/opt/devkitpro/libctru/lib/libctru.a(rbtree_remove.o)
                              /opt/devkitpro/libctru/lib/libctru.a(linear.o) (rbtree_remove)
[...]
Memory Configuration

Name             Origin             Length             Attributes
*default*        0x00000000         0xffffffff

Linker script and memory map

                0x00000000                        __sync_synchronize = __sync_synchronize_dmb
                0x00100000                        PROVIDE (__start__ = 0x100000)
                0x00100000                        . = __start__

.text           0x00100000    0x230a4
 *(.crt0)
 .crt0          0x00100000       0x94 /opt/devkitpro/devkitARM/lib/gcc/arm-none-eabi/15.2.0/../../../../arm-none-eabi/lib/armv6k/fpu/3dsx_crt0.o
                0x00100000                _start
                0x00100008                __service_ptr
                0x0010000c                __apt_appid
                0x00100010                __heap_size
                0x00100014                __linear_heap_size
                0x00100018                __system_arglist
                0x0010001c                __system_runflags
 *(.init)
 .init          0x00100094        0xc /opt/devkitpro/devkitARM/lib/gcc/arm-none-eabi/15.2.0/armv6k/fpu/crti.o
                0x00100094                _init
 .init          0x001000a0        0xc /opt/devkitpro/devkitARM/lib/gcc/arm-none-eabi/15.2.0/armv6k/fpu/crtn.o
                0x001000ac                        . = ALIGN (0x4)
 *(.text)
 .text          0x001000ac      0x240 /opt/devkitpro/devkitARM/lib/gcc/arm-none-eabi/15.2.0/armv6k/fpu/libgcc.a(_divsi3.o)
                0x001000ac                __aeabi_idiv
                0x001000ac                __divsi3
                0x001002cc                __aeabi_idivmod
 .text          0x001002ec        0x4 /opt/devkitpro/devkitARM/lib/gcc/arm-none-eabi/15.2.0/armv6k/fpu/libgcc.a(_dvmd_tls.o)
                0x001002ec                __aeabi_ldiv0
                0x001002ec                __aeabi_idiv0
 .text          0x001002f0       0x3c /opt/devkitpro/devkitARM/lib/gcc/arm-none-eabi/15.2.0/armv6k/fpu/libgcc.a(_aeabi_uldivmod.o)
                0x001002f0                __aeabi_uldivmod
 *fill*         0x0010032c       0x14 
 .text          0x00100340      0x390 /opt/devkitpro/devkitARM/lib/gcc/arm-none-eabi/15.2.0/../../../../arm-none-eabi/lib/armv6k/fpu/libg.a(libc_a-strcmp.o)
                0x00100348                strcmp
 .text          0x001006d0      0x20c /opt/devkitpro/devkitARM/lib/gcc/arm-none-eabi/15.2.0/armv6k/fpu/libgcc.a(_udivsi3.o)
                0x001006d0                __udivsi3
                0x001006d0                __aeabi_uidiv
                0x001008bc                __aeabi_uidivmod
 .text          0x001008dc      0x3c0 /opt/devkitpro/devkitARM/lib/gcc/arm-none-eabi/15.2.0/armv6k/fpu/libgcc.a(_arm_addsubdf3.o)
                0x001008dc                __aeabi_drsub
                0x001008e4                __subdf3
                0x001008e4                __aeabi_dsub
                0x001008e8                __aeabi_dadd
                0x001008e8                __adddf3
                0x00100b94                __aeabi_ui2d
                0x00100b94                __floatunsidf
                0x00100bb8                __floatsidf
                0x00100bb8                __aeabi_i2d
                0x00100be0                __extendsfdf2
                0x00100be0                __aeabi_f2d
                0x00100c28                __aeabi_ul2d
                0x00100c28                __floatundidf
                0x00100c3c                __aeabi_l2d
                0x00100c3c                __floatdidf
 *(.text.*)
 .text.__do_global_dtors_aux
                0x00100c9c       0x50 /opt/devkitpro/devkitARM/lib/gcc/arm-none-eabi/15.2.0/armv6k/fpu/crtbegin.o
 .text.frame_dummy
                0x00100cec       0x2c /opt/devkitpro/devkitARM/lib/gcc/arm-none-eabi/15.2.0/armv6k/fpu/crtbegin.o
 .text.sendHTTPGet.isra.0
                0x00100d18       0xc8 main.o
 .text.startup.main
                0x00100de0      0x3b0 main.o
                0x00100de0                main
 .text.consoleDrawChar
                0x00101190      0x1c8 /opt/devkitpro/libctru/lib/libctru.a(console.o)
                0x00101190                consoleDrawChar
 .text.consolePrintChar
                0x00101358      0x170 /opt/devkitpro/libctru/lib/libctru.a(console.o)
                0x00101358                consolePrintChar
 .text.con_write
                0x001014c8      0xcc8 /opt/devkitpro/libctru/lib/libctru.a(console.o)
                0x001014c8                con_write
 .text.newRow   0x00102190       0xfc /opt/devkitpro/libctru/lib/libctru.a(console.o)
 .text.consoleInit
                0x0010228c      0x180 /opt/devkitpro/libctru/lib/libctru.a(console.o)
                0x0010228c                consoleInit
 .text.gfxPresentFramebuffer
                0x0010240c       0xcc /opt/devkitpro/libctru/lib/libctru.a(gfx.o)
 .text.gfxIsWide
                0x001024d8       0x1c /opt/devkitpro/libctru/lib/libctru.a(gfx.o)
                0x001024d8                gfxIsWide
 .text.gfxSetScreenFormat
                0x001024f4       0xf8 /opt/devkitpro/libctru/lib/libctru.a(gfx.o)
                0x001024f4                gfxSetScreenFormat
 .text.gfxSetDoubleBuffering
                0x001025ec       0x10 /opt/devkitpro/libctru/lib/libctru.a(gfx.o)
                0x001025ec                gfxSetDoubleBuffering
 .text.gfxInit  0x001025fc       0xd8 /opt/devkitpro/libctru/lib/libctru.a(gfx.o)
                0x001025fc                gfxInit
 .text.gfxInitDefault
                0x001026d4       0x10 /opt/devkitpro/libctru/lib/libctru.a(gfx.o)
                0x001026d4                gfxInitDefault
 .text.gfxExit  0x001026e4       0xb8 /opt/devkitpro/libctru/lib/libctru.a(gfx.o)
                0x001026e4                gfxExit
 .text.gfxGetFramebuffer
                0x0010279c       0xa0 /opt/devkitpro/libctru/lib/libctru.a(gfx.o)
                0x0010279c                gfxGetFramebuffer
 .text.gfxFlushBuffers
                0x0010283c      0x100 /opt/devkitpro/libctru/lib/libctru.a(gfx.o)
                0x0010283c                gfxFlushBuffers
 .text.gfxSwapBuffers
                0x0010293c       0x50 /opt/devkitpro/libctru/lib/libctru.a(gfx.o)
                0x0010293c                gfxSwapBuffers
 .text.gfxSwapBuffersGpu
                0x0010298c       0x50 /opt/devkitpro/libctru/lib/libctru.a(gfx.o)
                0x0010298c                gfxSwapBuffersGpu
 .text.aptConvertScreenForCapture
                0x001029dc      0x180 /opt/devkitpro/libctru/lib/libctru.a(apt.o)
 .text.aptDspSleep
                0x00102b5c        0x8 /opt/devkitpro/libctru/lib/libctru.a(apt.o)
                0x00102b5c                aptDspSleep
 .text.aptDspWakeup
                0x00102b64        0x4 /opt/devkitpro/libctru/lib/libctru.a(apt.o)
                0x00102b64                aptDspWakeup
 .text.aptDspCancel
                0x00102b68        0x4 /opt/devkitpro/libctru/lib/libctru.a(apt.o)
                0x00102b68                aptDspCancel
 .text.aptSendCommand
                0x00102b6c      0x138 /opt/devkitpro/libctru/lib/libctru.a(apt.o)
                0x00102b6c                aptSendCommand
 *fill*         0x00102ca4        0x4 
 .text.aptExitProcess
                0x00102ca8       0x44 /opt/devkitpro/libctru/lib/libctru.a(apt.o)
 .text.aptExit  0x00102cec      0x394 /opt/devkitpro/libctru/lib/libctru.a(apt.o)
                0x00102cec                aptExit
 .text.aptHandleSleep
                0x00103080       0xd8 /opt/devkitpro/libctru/lib/libctru.a(apt.o)
                0x00103080                aptHandleSleep
 .text.APT_SleepIfShellClosed
                0x00103158       0x84 /opt/devkitpro/libctru/lib/libctru.a(apt.o)
                0x00103158                APT_SleepIfShellClosed
 .text.aptSetSleepAllowed
                0x001031dc       0x78 /opt/devkitpro/libctru/lib/libctru.a(apt.o)
                0x001031dc                aptSetSleepAllowed
 .text.APT_UnlockTransition
                0x00103254       0x84 /opt/devkitpro/libctru/lib/libctru.a(apt.o)
                0x00103254                APT_UnlockTransition
 .text.aptEventHandler
                0x001032d8      0x470 /opt/devkitpro/libctru/lib/libctru.a(apt.o)
 .text.APT_ReceiveParameter
                0x00103748       0xbc /opt/devkitpro/libctru/lib/libctru.a(apt.o)
                0x00103748                APT_ReceiveParameter
 .text.aptReceiveParameter.constprop.0
                0x00103804       0xb0 /opt/devkitpro/libctru/lib/libctru.a(apt.o)
 *fill*         0x001038b4        0x4 
 .text.aptScreenTransfer
                0x001038b8      0x294 /opt/devkitpro/libctru/lib/libctru.a(apt.o)
 .text.aptWaitForWakeUp.isra.0
                0x00103b4c      0x2d0 /opt/devkitpro/libctru/lib/libctru.a(apt.o)
 .text.aptJumpToHomeMenu
                0x00103e1c       0xf4 /opt/devkitpro/libctru/lib/libctru.a(apt.o)
                0x00103e1c                aptJumpToHomeMenu
 .text.aptMainLoop
                0x00103f10       0x58 /opt/devkitpro/libctru/lib/libctru.a(apt.o)
                0x00103f10                aptMainLoop
 .text.aptInit  0x00103f68      0x240 /opt/devkitpro/libctru/lib/libctru.a(apt.o)
                0x00103f68                aptInit
 .text.APT_CheckNew3DS
                0x001041a8       0x90 /opt/devkitpro/libctru/lib/libctru.a(apt.o)
                0x001041a8                APT_CheckNew3DS
 .text.gspHardwareInit
                0x00104238      0xc70 /opt/devkitpro/libctru/lib/libctru.a(gspgpu.o)
 .text.gspInit  0x00104ea8      0x288 /opt/devkitpro/libctru/lib/libctru.a(gspgpu.o)
                0x00104ea8                gspInit
 .text.gspExit  0x00105130      0x104 /opt/devkitpro/libctru/lib/libctru.a(gspgpu.o)
                0x00105130                gspExit
 .text.gspHasGpuRight
                0x00105234       0x10 /opt/devkitpro/libctru/lib/libctru.a(gspgpu.o)
                0x00105234                gspHasGpuRight
 .text.gspPresentBuffer
                0x00105244       0xa4 /opt/devkitpro/libctru/lib/libctru.a(gspgpu.o)
                0x00105244                gspPresentBuffer
 .text.gspWaitForEvent
                0x001052e8       0x50 /opt/devkitpro/libctru/lib/libctru.a(gspgpu.o)
                0x001052e8                gspWaitForEvent
 .text.gxCmdQueueInterrupt
                0x00105338        0x4 /opt/devkitpro/libctru/lib/libctru.a(gspgpu.o)
                0x00105338                gxCmdQueueInterrupt
 .text.gspEventThreadMain
                0x0010533c      0x154 /opt/devkitpro/libctru/lib/libctru.a(gspgpu.o)
 .text.GSPGPU_FlushDataCache
                0x00105490       0x50 /opt/devkitpro/libctru/lib/libctru.a(gspgpu.o)
                0x00105490                GSPGPU_FlushDataCache
 .text.GSPGPU_SetLcdForceBlack
                0x001054e0       0x34 /opt/devkitpro/libctru/lib/libctru.a(gspgpu.o)
                0x001054e0                GSPGPU_SetLcdForceBlack
 .text.GSPGPU_AcquireRight
                0x00105514       0x84 /opt/devkitpro/libctru/lib/libctru.a(gspgpu.o)
                0x00105514                GSPGPU_AcquireRight
 .text.GSPGPU_ReleaseRight
                0x00105598       0x64 /opt/devkitpro/libctru/lib/libctru.a(gspgpu.o)
                0x00105598                GSPGPU_ReleaseRight
 .text.GSPGPU_ImportDisplayCaptureInfo
                0x001055fc       0x7c /opt/devkitpro/libctru/lib/libctru.a(gspgpu.o)
                0x001055fc                GSPGPU_ImportDisplayCaptureInfo
 .text.GSPGPU_SaveVramSysArea
                0x00105678       0x2c /opt/devkitpro/libctru/lib/libctru.a(gspgpu.o)
                0x00105678                GSPGPU_SaveVramSysArea
 .text.GSPGPU_RestoreVramSysArea
                0x001056a4       0x2c /opt/devkitpro/libctru/lib/libctru.a(gspgpu.o)
                0x001056a4                GSPGPU_RestoreVramSysArea
 .text.hidShouldUseIrrst
                0x001056d0       0x24 /opt/devkitpro/libctru/lib/libctru.a(hid.o)
                0x001056d0                hidShouldUseIrrst
 .text.hidInit  0x001056f4      0x1cc /opt/devkitpro/libctru/lib/libctru.a(hid.o)
                0x001056f4                hidInit
 .text.hidExit  0x001058c0       0xe8 /opt/devkitpro/libctru/lib/libctru.a(hid.o)
                0x001058c0                hidExit
 .text.hidScanInput
                0x001059a8      0x2a0 /opt/devkitpro/libctru/lib/libctru.a(hid.o)
                0x001059a8                hidScanInput
 .text.hidKeysHeld
                0x00105c48       0x10 /opt/devkitpro/libctru/lib/libctru.a(hid.o)
                0x00105c48                hidKeysHeld
 .text.hidKeysDown
                0x00105c58       0x10 /opt/devkitpro/libctru/lib/libctru.a(hid.o)
                0x00105c58                hidKeysDown
 .text.hidKeysUp
                0x00105c68       0x10 /opt/devkitpro/libctru/lib/libctru.a(hid.o)
                0x00105c68                hidKeysUp
 .text.hidCircleRead
                0x00105c78       0x18 /opt/devkitpro/libctru/lib/libctru.a(hid.o)
                0x00105c78                hidCircleRead
 .text.irrstInit
                0x00105c90      0x1a4 /opt/devkitpro/libctru/lib/libctru.a(irrst.o)
                0x00105c90                irrstInit
 .text.irrstExit
                0x00105e34       0xdc /opt/devkitpro/libctru/lib/libctru.a(irrst.o)
                0x00105e34                irrstExit
 .text.irrstScanInput
                0x00105f10       0xb4 /opt/devkitpro/libctru/lib/libctru.a(irrst.o)
                0x00105f10                irrstScanInput
 .text.irrstKeysHeld
                0x00105fc4       0x24 /opt/devkitpro/libctru/lib/libctru.a(irrst.o)
                0x00105fc4                irrstKeysHeld
 .text.connect  0x00105fe8      0x174 /opt/devkitpro/libctru/lib/libctru.a(soc_connect.o)
                0x00105fe8                connect
 .text.inet_pton
                0x0010615c       0x70 /opt/devkitpro/libctru/lib/libctru.a(soc_inet_pton.o)
                0x0010615c                inet_pton
 .text.soc_read
                0x001061cc       0x34 /opt/devkitpro/libctru/lib/libctru.a(soc_init.o)
 .text.soc_write
                0x00106200       0x34 /opt/devkitpro/libctru/lib/libctru.a(soc_init.o)
 .text.soc_close
                0x00106234       0xb0 /opt/devkitpro/libctru/lib/libctru.a(soc_init.o)
 .text.socInit  0x001062e4      0x190 /opt/devkitpro/libctru/lib/libctru.a(soc_init.o)
                0x001062e4                socInit
 .text.socExit  0x00106474       0x88 /opt/devkitpro/libctru/lib/libctru.a(soc_init.o)
                0x00106474                socExit
 .text.recv     0x001064fc       0x20 /opt/devkitpro/libctru/lib/libctru.a(soc_recv.o)
                0x001064fc                recv
 .text.socuipc_cmd7
                0x0010651c      0x148 /opt/devkitpro/libctru/lib/libctru.a(soc_recvfrom.o)
                0x0010651c                socuipc_cmd7
 .text.socuipc_cmd8
                0x00106664      0x168 /opt/devkitpro/libctru/lib/libctru.a(soc_recvfrom.o)
                0x00106664                socuipc_cmd8
 .text.soc_recvfrom
                0x001067cc       0x10 /opt/devkitpro/libctru/lib/libctru.a(soc_recvfrom.o)
                0x001067cc                soc_recvfrom
 .text.recvfrom
                0x001067dc       0xa4 /opt/devkitpro/libctru/lib/libctru.a(soc_recvfrom.o)
                0x001067dc                recvfrom
 .text.send     0x00106880       0x20 /opt/devkitpro/libctru/lib/libctru.a(soc_send.o)
                0x00106880                send
 .text.socuipc_cmd9
                0x001068a0      0x15c /opt/devkitpro/libctru/lib/libctru.a(soc_sendto.o)
                0x001068a0                socuipc_cmd9
 .text.socuipc_cmda
                0x001069fc      0x160 /opt/devkitpro/libctru/lib/libctru.a(soc_sendto.o)
                0x001069fc                socuipc_cmda
 .text.soc_sendto
                0x00106b5c       0x10 /opt/devkitpro/libctru/lib/libctru.a(soc_sendto.o)
                0x00106b5c                soc_sendto
 .text.sendto   0x00106b6c       0xa4 /opt/devkitpro/libctru/lib/libctru.a(soc_sendto.o)
                0x00106b6c                sendto
 .text.socket   0x00106c10      0x16c /opt/devkitpro/libctru/lib/libctru.a(soc_socket.o)
                0x00106c10                socket
 .text.__libctru_init
                0x00106d7c       0x38 /opt/devkitpro/libctru/lib/libctru.a(ctru_init.o)
                0x00106d7c                __libctru_init
 .text.__system_initArgv
                0x00106db4      0x16c /opt/devkitpro/libctru/lib/libctru.a(initArgv.o)
                0x00106db4                __system_initArgv
 .text.__syscall_getreent
                0x00106f20       0x30 /opt/devkitpro/libctru/lib/libctru.a(syscalls.o)
                0x00106f20                __syscall_getreent
 .text.__syscall_lock_acquire
                0x00106f50        0x4 /opt/devkitpro/libctru/lib/libctru.a(syscalls.o)
                0x00106f50                __syscall_lock_acquire
 .text.__syscall_lock_release
                0x00106f54        0x4 /opt/devkitpro/libctru/lib/libctru.a(syscalls.o)
                0x00106f54                __syscall_lock_release
 .text.__syscall_lock_acquire_recursive
                0x00106f58        0x4 /opt/devkitpro/libctru/lib/libctru.a(syscalls.o)
                0x00106f58                __syscall_lock_acquire_recursive
 .text.__syscall_lock_release_recursive
                0x00106f5c        0x4 /opt/devkitpro/libctru/lib/libctru.a(syscalls.o)
                0x00106f5c                __syscall_lock_release_recursive
 .text.__syscall_exit
                0x00106f60        0x4 /opt/devkitpro/libctru/lib/libctru.a(syscalls.o)
                0x00106f60                __syscall_exit
 .text.initThreadVars
                0x00106f64       0x54 /opt/devkitpro/libctru/lib/libctru.a(syscalls.o)
                0x00106f64                initThreadVars
 .text.__system_initSyscalls
                0x00106fb8       0x80 /opt/devkitpro/libctru/lib/libctru.a(syscalls.o)
                0x00106fb8                __system_initSyscalls
 .text.svcControlMemory
                0x00107038       0x20 /opt/devkitpro/libctru/lib/libctru.a(svc.o)
                0x00107038                svcControlMemory
 .text.svcQueryMemory
                0x00107058       0x30 /opt/devkitpro/libctru/lib/libctru.a(svc.o)
                0x00107058                svcQueryMemory
 .text.svcExitProcess
                0x00107088        0x8 /opt/devkitpro/libctru/lib/libctru.a(svc.o)
                0x00107088                svcExitProcess
 .text.svcCreateThread
                0x00107090       0x20 /opt/devkitpro/libctru/lib/libctru.a(svc.o)
                0x00107090                svcCreateThread
 .text.svcExitThread
                0x001070b0        0x8 /opt/devkitpro/libctru/lib/libctru.a(svc.o)
                0x001070b0                svcExitThread
 .text.svcSleepThread
                0x001070b8        0x8 /opt/devkitpro/libctru/lib/libctru.a(svc.o)
                0x001070b8                svcSleepThread
 .text.svcReleaseMutex
                0x001070c0        0x8 /opt/devkitpro/libctru/lib/libctru.a(svc.o)
                0x001070c0                svcReleaseMutex
 .text.svcCreateEvent
                0x001070c8       0x14 /opt/devkitpro/libctru/lib/libctru.a(svc.o)
                0x001070c8                svcCreateEvent
 .text.svcSignalEvent
                0x001070dc        0x8 /opt/devkitpro/libctru/lib/libctru.a(svc.o)
                0x001070dc                svcSignalEvent
 .text.svcClearEvent
                0x001070e4        0x8 /opt/devkitpro/libctru/lib/libctru.a(svc.o)
                0x001070e4                svcClearEvent
 .text.svcCreateMemoryBlock
                0x001070ec       0x18 /opt/devkitpro/libctru/lib/libctru.a(svc.o)
                0x001070ec                svcCreateMemoryBlock
 .text.svcMapMemoryBlock
                0x00107104        0x8 /opt/devkitpro/libctru/lib/libctru.a(svc.o)
                0x00107104                svcMapMemoryBlock
 .text.svcUnmapMemoryBlock
                0x0010710c        0x8 /opt/devkitpro/libctru/lib/libctru.a(svc.o)
                0x0010710c                svcUnmapMemoryBlock
 .text.svcCreateAddressArbiter
                0x00107114       0x14 /opt/devkitpro/libctru/lib/libctru.a(svc.o)
                0x00107114                svcCreateAddressArbiter
 .text.svcArbitrateAddressNoTimeout
                0x00107128        0x8 /opt/devkitpro/libctru/lib/libctru.a(svc.o)
                0x00107128                svcArbitrateAddressNoTimeout
 .text.svcCloseHandle
                0x00107130        0x8 /opt/devkitpro/libctru/lib/libctru.a(svc.o)
                0x00107130                svcCloseHandle
 .text.svcWaitSynchronization
                0x00107138        0x8 /opt/devkitpro/libctru/lib/libctru.a(svc.o)
                0x00107138                svcWaitSynchronization
 .text.svcWaitSynchronizationN
                0x00107140       0x28 /opt/devkitpro/libctru/lib/libctru.a(svc.o)
                0x00107140                svcWaitSynchronizationN
 .text.svcDuplicateHandle
                0x00107168       0x14 /opt/devkitpro/libctru/lib/libctru.a(svc.o)
                0x00107168                svcDuplicateHandle
 .text.svcConnectToPort
                0x0010717c       0x14 /opt/devkitpro/libctru/lib/libctru.a(svc.o)
                0x0010717c                svcConnectToPort
 .text.svcSendSyncRequest
                0x00107190        0x8 /opt/devkitpro/libctru/lib/libctru.a(svc.o)
                0x00107190                svcSendSyncRequest
 .text.svcGetResourceLimit
                0x00107198       0x14 /opt/devkitpro/libctru/lib/libctru.a(svc.o)
                0x00107198                svcGetResourceLimit
 .text.svcGetResourceLimitLimitValues
                0x001071ac        0x8 /opt/devkitpro/libctru/lib/libctru.a(svc.o)
                0x001071ac                svcGetResourceLimitLimitValues
 .text.svcGetResourceLimitCurrentValues
                0x001071b4        0x8 /opt/devkitpro/libctru/lib/libctru.a(svc.o)
                0x001071b4                svcGetResourceLimitCurrentValues
 .text.svcBreak
                0x001071bc        0x8 /opt/devkitpro/libctru/lib/libctru.a(svc.o)
                0x001071bc                svcBreak
 .text.initSystem
                0x001071c4       0x50 /opt/devkitpro/libctru/lib/libctru.a(stack_adjust.o)
                0x001071c4                initSystem
 .text.__ctru_exit
                0x00107214       0x14 /opt/devkitpro/libctru/lib/libctru.a(stack_adjust.o)
                0x00107214                __ctru_exit
 .text._ZL21addrMapNodeComparatorPK11rbtree_nodeS1_
                0x00107228       0x24 /opt/devkitpro/libctru/lib/libctru.a(linear.o)
 .text._ZL21addrMapNodeDestructorP11rbtree_node
                0x0010724c        0x4 /opt/devkitpro/libctru/lib/libctru.a(linear.o)
 .text.linearMemAlign
                0x00107250      0x12c /opt/devkitpro/libctru/lib/libctru.a(linear.o)
                0x00107250                linearMemAlign
 .text.linearAlloc
                0x0010737c        0x8 /opt/devkitpro/libctru/lib/libctru.a(linear.o)
                0x0010737c                linearAlloc
 .text.linearFree
                0x00107384       0x5c /opt/devkitpro/libctru/lib/libctru.a(linear.o)
                0x00107384                linearFree
 .text._ZN7MemPool13CoalesceRightEP8MemBlock
                0x001073e0       0x88 /opt/devkitpro/libctru/lib/libctru.a(mem_pool.o)
                0x001073e0                _ZN7MemPool13CoalesceRightEP8MemBlock
 .text._ZN7MemPool8AllocateER8MemChunkmi
                0x00107468      0x178 /opt/devkitpro/libctru/lib/libctru.a(mem_pool.o)
                0x00107468                _ZN7MemPool8AllocateER8MemChunkmi
 .text._ZN7MemPool10DeallocateERK8MemChunk
                0x001075e0      0x118 /opt/devkitpro/libctru/lib/libctru.a(mem_pool.o)
                0x001075e0                _ZN7MemPool10DeallocateERK8MemChunk
 .text._ZN7MemPool12GetFreeSpaceEv
                0x001076f8       0x30 /opt/devkitpro/libctru/lib/libctru.a(mem_pool.o)
                0x001076f8                _ZN7MemPool12GetFreeSpaceEv
 .text._ZL21addrMapNodeComparatorPK11rbtree_nodeS1_
                0x00107728       0x24 /opt/devkitpro/libctru/lib/libctru.a(vram.o)
 .text._ZL21addrMapNodeDestructorP11rbtree_node
                0x0010774c        0x4 /opt/devkitpro/libctru/lib/libctru.a(vram.o)
 .text.vramMemAlignAt
                0x00107750      0x248 /opt/devkitpro/libctru/lib/libctru.a(vram.o)
                0x00107750                vramMemAlignAt
 .text.vramAlloc
                0x00107998        0xc /opt/devkitpro/libctru/lib/libctru.a(vram.o)
                0x00107998                vramAlloc
 .text.vramFree
                0x001079a4       0x94 /opt/devkitpro/libctru/lib/libctru.a(vram.o)
                0x001079a4                vramFree
 .text.envGetHandle
                0x00107a38       0x8c /opt/devkitpro/libctru/lib/libctru.a(env.o)
                0x00107a38                envGetHandle
 .text.envDestroyHandles
                0x00107ac4       0x50 /opt/devkitpro/libctru/lib/libctru.a(env.o)
                0x00107ac4                envDestroyHandles
 .text.__ctru_speedup_config
                0x00107b14       0x34 /opt/devkitpro/libctru/lib/libctru.a(os.o)
                0x00107b14                __ctru_speedup_config
 .text.srvInit  0x00107b48      0x164 /opt/devkitpro/libctru/lib/libctru.a(srv.o)
                0x00107b48                srvInit
 .text.srvExit  0x00107cac       0x64 /opt/devkitpro/libctru/lib/libctru.a(srv.o)
                0x00107cac                srvExit
 .text.srvEnableNotification
                0x00107d10       0x60 /opt/devkitpro/libctru/lib/libctru.a(srv.o)
                0x00107d10                srvEnableNotification
 .text.srvGetServiceHandleDirect
                0x00107d70       0xa0 /opt/devkitpro/libctru/lib/libctru.a(srv.o)
                0x00107d70                srvGetServiceHandleDirect
 .text.srvGetServiceHandle
                0x00107e10       0x48 /opt/devkitpro/libctru/lib/libctru.a(srv.o)
                0x00107e10                srvGetServiceHandle
 .text.srvSubscribe
                0x00107e58       0x34 /opt/devkitpro/libctru/lib/libctru.a(srv.o)
                0x00107e58                srvSubscribe
 .text.srvReceiveNotification
                0x00107e8c       0x60 /opt/devkitpro/libctru/lib/libctru.a(srv.o)
                0x00107e8c                srvReceiveNotification
 .text.srvPublishToSubscriber
                0x00107eec       0x38 /opt/devkitpro/libctru/lib/libctru.a(srv.o)
                0x00107eec                srvPublishToSubscriber
 .text.__sync_init
                0x00107f24        0xc /opt/devkitpro/libctru/lib/libctru.a(synchronization.o)
                0x00107f24                __sync_init
 .text.__sync_fini
                0x00107f30       0x18 /opt/devkitpro/libctru/lib/libctru.a(synchronization.o)
                0x00107f30                __sync_fini
 .text.syncArbitrateAddress
                0x00107f48       0x28 /opt/devkitpro/libctru/lib/libctru.a(synchronization.o)
                0x00107f48                syncArbitrateAddress
 .text.LightLock_Lock
                0x00107f70       0xac /opt/devkitpro/libctru/lib/libctru.a(synchronization.o)
                0x00107f70                LightLock_Lock
 .text.LightLock_Unlock
                0x0010801c       0x40 /opt/devkitpro/libctru/lib/libctru.a(synchronization.o)
                0x0010801c                LightLock_Unlock
 .text.RecursiveLock_Lock
                0x0010805c       0x54 /opt/devkitpro/libctru/lib/libctru.a(synchronization.o)
                0x0010805c                RecursiveLock_Lock
 .text.RecursiveLock_Unlock
                0x001080b0       0x54 /opt/devkitpro/libctru/lib/libctru.a(synchronization.o)
                0x001080b0                RecursiveLock_Unlock
 .text.LightEvent_Init
                0x00108104       0x44 /opt/devkitpro/libctru/lib/libctru.a(synchronization.o)
                0x00108104                LightEvent_Init
 .text.LightEvent_Clear
                0x00108148       0xb8 /opt/devkitpro/libctru/lib/libctru.a(synchronization.o)
                0x00108148                LightEvent_Clear
 .text.LightEvent_Signal
                0x00108200       0xdc /opt/devkitpro/libctru/lib/libctru.a(synchronization.o)
                0x00108200                LightEvent_Signal
 .text.LightEvent_TryWait
                0x001082dc       0x50 /opt/devkitpro/libctru/lib/libctru.a(synchronization.o)
                0x001082dc                LightEvent_TryWait
 .text.LightEvent_Wait
                0x0010832c       0xac /opt/devkitpro/libctru/lib/libctru.a(synchronization.o)
                0x0010832c                LightEvent_Wait
 .text.threadCreate
                0x001083d8      0x1fc /opt/devkitpro/libctru/lib/libctru.a(thread.o)
                0x001083d8                threadCreate
 .text.threadFree
                0x001085d4       0x38 /opt/devkitpro/libctru/lib/libctru.a(thread.o)
                0x001085d4                threadFree
 .text.threadJoin
                0x0010860c       0x24 /opt/devkitpro/libctru/lib/libctru.a(thread.o)
                0x0010860c                threadJoin
 .text.threadGetCurrent
                0x00108630       0x30 /opt/devkitpro/libctru/lib/libctru.a(thread.o)
                0x00108630                threadGetCurrent
 .text.threadExit
                0x00108660       0x40 /opt/devkitpro/libctru/lib/libctru.a(thread.o)
                0x00108660                threadExit
 .text._thread_begin
                0x001086a0       0x20 /opt/devkitpro/libctru/lib/libctru.a(thread.o)
 .text.mappableFindAddressWithin
                0x001086c0       0x90 /opt/devkitpro/libctru/lib/libctru.a(mappable.o)
 .text.mappableInit
                0x00108750       0x28 /opt/devkitpro/libctru/lib/libctru.a(mappable.o)
                0x00108750                mappableInit
 .text.mappableAlloc
                0x00108778       0x7c /opt/devkitpro/libctru/lib/libctru.a(mappable.o)
                0x00108778                mappableAlloc
 .text.mappableFree
                0x001087f4        0x4 /opt/devkitpro/libctru/lib/libctru.a(mappable.o)
                0x001087f4                mappableFree
 .text.ptmSysmInit
                0x001087f8       0x78 /opt/devkitpro/libctru/lib/libctru.a(ptmsysm.o)
                0x001087f8                ptmSysmInit
 .text.ptmSysmExit
                0x00108870       0x3c /opt/devkitpro/libctru/lib/libctru.a(ptmsysm.o)
                0x00108870                ptmSysmExit
 .text.PTMSYSM_ConfigureNew3DSCPU
                0x001088ac       0x34 /opt/devkitpro/libctru/lib/libctru.a(ptmsysm.o)
                0x001088ac                PTMSYSM_ConfigureNew3DSCPU
 .text.srvPmGetSessionHandle
                0x001088e0        0xc /opt/devkitpro/libctru/lib/libctru.a(srvpm.o)
                0x001088e0                srvPmGetSessionHandle
 .text._net_convert_error
                0x001088ec       0x3c /opt/devkitpro/libctru/lib/libctru.a(soc_common.o)
                0x001088ec                _net_convert_error
 .text.rbtree_find
                0x00108928       0x74 /opt/devkitpro/libctru/lib/libctru.a(rbtree_find.o)
                0x00108928                rbtree_find
 .text.rbtree_init
                0x0010899c       0x10 /opt/devkitpro/libctru/lib/libctru.a(rbtree_init.o)
                0x0010899c                rbtree_init
 .text.do_insert
                0x001089ac      0x198 /opt/devkitpro/libctru/lib/libctru.a(rbtree_insert.o)
 .text.rbtree_insert
                0x00108b44        0x8 /opt/devkitpro/libctru/lib/libctru.a(rbtree_insert.o)
                0x00108b44                rbtree_insert
 .text.rbtree_remove
                0x00108b4c      0x310 /opt/devkitpro/libctru/lib/libctru.a(rbtree_remove.o)
                0x00108b4c                rbtree_remove
 .text.rbtree_rotate
                0x00108e5c       0x90 /opt/devkitpro/libctru/lib/libctru.a(rbtree_rotate.o)
                0x00108e5c                rbtree_rotate
 *fill*         0x00108eec        0x4 
 .text.__system_allocateHeaps
                0x00108ef0      0x1e8 /opt/devkitpro/libctru/lib/libctru.a(allocateHeaps.o)
                0x00108ef0                __system_allocateHeaps
 .text.__appExit
                0x001090d8       0x30 /opt/devkitpro/libctru/lib/libctru.a(appExit.o)
                0x001090d8                __appExit
 .text.__appInit
                0x00109108       0x30 /opt/devkitpro/libctru/lib/libctru.a(appInit.o)
                0x00109108                __appInit
 .text.__libctru_exit
                0x00109138       0x90 /opt/devkitpro/libctru/lib/libctru.a(ctru_exit.o)
                0x00109138                __libctru_exit
 .text.error_cmp
                0x001091c8       0x24 /opt/devkitpro/libctru/lib/libctru.a(archive_dev.o)
 .text.archive_translate_error
                0x001091ec       0x50 /opt/devkitpro/libctru/lib/libctru.a(archive_dev.o)
 .text.archive_seek
                0x0010923c       0xc0 /opt/devkitpro/libctru/lib/libctru.a(archive_dev.o)
 .text._archiveInit.part.0
                0x001092fc       0x78 /opt/devkitpro/libctru/lib/libctru.a(archive_dev.o)
 .text.archiveFindDevice.part.0
                0x00109374      0x110 /opt/devkitpro/libctru/lib/libctru.a(archive_dev.o)
 .text.archive_utf16path
                0x00109484      0x298 /opt/devkitpro/libctru/lib/libctru.a(archive_dev.o)
 .text._archiveUnmountDeviceStruct.part.0
                0x0010971c       0x98 /opt/devkitpro/libctru/lib/libctru.a(archive_dev.o)
 .text._archiveMountDevice
                0x001097b4      0x178 /opt/devkitpro/libctru/lib/libctru.a(archive_dev.o)
 .text.archive_diropen
                0x0010992c       0xf8 /opt/devkitpro/libctru/lib/libctru.a(archive_dev.o)
 .text.archive_fstat
                0x00109a24       0xac /opt/devkitpro/libctru/lib/libctru.a(archive_dev.o)
 .text.archive_fsync
                0x00109ad0       0x74 /opt/devkitpro/libctru/lib/libctru.a(archive_dev.o)
 .text.archive_close
                0x00109b44       0x74 /opt/devkitpro/libctru/lib/libctru.a(archive_dev.o)
 .text.archive_dirclose
                0x00109bb8       0x78 /opt/devkitpro/libctru/lib/libctru.a(archive_dev.o)
 .text.sdmc_statvfs
                0x00109c30       0xec /opt/devkitpro/libctru/lib/libctru.a(archive_dev.o)
 .text.archive_chdir
                0x00109d1c       0xf8 /opt/devkitpro/libctru/lib/libctru.a(archive_dev.o)
 .text.archive_ftruncate
                0x00109e14       0x8c /opt/devkitpro/libctru/lib/libctru.a(archive_dev.o)
 .text.archive_read
                0x00109ea0       0xbc /opt/devkitpro/libctru/lib/libctru.a(archive_dev.o)
 .text.archive_unlink
                0x00109f5c       0xa8 /opt/devkitpro/libctru/lib/libctru.a(archive_dev.o)
 .text.archive_rmdir
                0x0010a004       0xc0 /opt/devkitpro/libctru/lib/libctru.a(archive_dev.o)
 .text.archive_mkdir
                0x0010a0c4       0xd8 /opt/devkitpro/libctru/lib/libctru.a(archive_dev.o)
 .text.archive_stat
                0x0010a19c      0x1a0 /opt/devkitpro/libctru/lib/libctru.a(archive_dev.o)
 .text.archive_dirnext
                0x0010a33c      0x164 /opt/devkitpro/libctru/lib/libctru.a(archive_dev.o)
 .text.archive_write
                0x0010a4a0      0x13c /opt/devkitpro/libctru/lib/libctru.a(archive_dev.o)
 *fill*         0x0010a5dc        0x4 
 .text.archive_open
                0x0010a5e0      0x254 /opt/devkitpro/libctru/lib/libctru.a(archive_dev.o)
 .text.archive_rename
                0x0010a834      0x270 /opt/devkitpro/libctru/lib/libctru.a(archive_dev.o)
 .text.archiveMountSdmc
                0x0010aaa4      0x1c8 /opt/devkitpro/libctru/lib/libctru.a(archive_dev.o)
                0x0010aaa4                archiveMountSdmc
 .text.archiveUnmountAll
                0x0010ac6c       0x54 /opt/devkitpro/libctru/lib/libctru.a(archive_dev.o)
                0x0010ac6c                archiveUnmountAll
 .text.fsInit   0x0010acc0      0x104 /opt/devkitpro/libctru/lib/libctru.a(fs.o)
                0x0010acc0                fsInit
 .text.fsExit   0x0010adc4       0x3c /opt/devkitpro/libctru/lib/libctru.a(fs.o)
                0x0010adc4                fsExit
 .text.fsExemptFromSession
                0x0010ae00       0x68 /opt/devkitpro/libctru/lib/libctru.a(fs.o)
                0x0010ae00                fsExemptFromSession
 .text.fsUnexemptFromSession
                0x0010ae68       0x50 /opt/devkitpro/libctru/lib/libctru.a(fs.o)
                0x0010ae68                fsUnexemptFromSession
 .text.FSUSER_OpenFile
                0x0010aeb8       0xcc /opt/devkitpro/libctru/lib/libctru.a(fs.o)
                0x0010aeb8                FSUSER_OpenFile
 .text.FSUSER_DeleteFile
                0x0010af84       0xb8 /opt/devkitpro/libctru/lib/libctru.a(fs.o)
                0x0010af84                FSUSER_DeleteFile
 .text.FSUSER_RenameFile
                0x0010b03c       0xf4 /opt/devkitpro/libctru/lib/libctru.a(fs.o)
                0x0010b03c                FSUSER_RenameFile
 .text.FSUSER_DeleteDirectory
                0x0010b130       0xb8 /opt/devkitpro/libctru/lib/libctru.a(fs.o)
                0x0010b130                FSUSER_DeleteDirectory
 .text.FSUSER_CreateFile
                0x0010b1e8       0xd0 /opt/devkitpro/libctru/lib/libctru.a(fs.o)
                0x0010b1e8                FSUSER_CreateFile
 .text.FSUSER_CreateDirectory
                0x0010b2b8       0xc0 /opt/devkitpro/libctru/lib/libctru.a(fs.o)
                0x0010b2b8                FSUSER_CreateDirectory
 .text.FSUSER_RenameDirectory
                0x0010b378       0xf4 /opt/devkitpro/libctru/lib/libctru.a(fs.o)
                0x0010b378                FSUSER_RenameDirectory
 .text.FSUSER_OpenDirectory
                0x0010b46c       0xb4 /opt/devkitpro/libctru/lib/libctru.a(fs.o)
                0x0010b46c                FSUSER_OpenDirectory
 .text.FSUSER_OpenArchive
                0x0010b520       0x90 /opt/devkitpro/libctru/lib/libctru.a(fs.o)
                0x0010b520                FSUSER_OpenArchive
 .text.FSUSER_CloseArchive
                0x0010b5b0       0x8c /opt/devkitpro/libctru/lib/libctru.a(fs.o)
                0x0010b5b0                FSUSER_CloseArchive
 .text.FSUSER_GetSdmcArchiveResource
                0x0010b63c       0x74 /opt/devkitpro/libctru/lib/libctru.a(fs.o)
                0x0010b63c                FSUSER_GetSdmcArchiveResource
 .text.FSUSER_IsSdmcWritable
                0x0010b6b0       0x64 /opt/devkitpro/libctru/lib/libctru.a(fs.o)
                0x0010b6b0                FSUSER_IsSdmcWritable
 .text.FSFILE_Read
                0x0010b714       0x64 /opt/devkitpro/libctru/lib/libctru.a(fs.o)
                0x0010b714                FSFILE_Read
 .text.FSFILE_Write
                0x0010b778       0x6c /opt/devkitpro/libctru/lib/libctru.a(fs.o)
                0x0010b778                FSFILE_Write
 .text.FSFILE_GetSize
                0x0010b7e4       0x44 /opt/devkitpro/libctru/lib/libctru.a(fs.o)
                0x0010b7e4                FSFILE_GetSize
 .text.FSFILE_SetSize
                0x0010b828       0x28 /opt/devkitpro/libctru/lib/libctru.a(fs.o)
                0x0010b828                FSFILE_SetSize
 .text.FSFILE_Close
                0x0010b850       0x3c /opt/devkitpro/libctru/lib/libctru.a(fs.o)
                0x0010b850                FSFILE_Close
 .text.FSFILE_Flush
                0x0010b88c       0x24 /opt/devkitpro/libctru/lib/libctru.a(fs.o)
                0x0010b88c                FSFILE_Flush
 .text.FSDIR_Read
                0x0010b8b0       0x60 /opt/devkitpro/libctru/lib/libctru.a(fs.o)
                0x0010b8b0                FSDIR_Read
 .text.FSDIR_Close
                0x0010b910       0x3c /opt/devkitpro/libctru/lib/libctru.a(fs.o)
                0x0010b910                FSDIR_Close
 .text.rbtree_node_next
                0x0010b94c       0x60 /opt/devkitpro/libctru/lib/libctru.a(rbtree_iterator.o)
                0x0010b94c                rbtree_node_next
 .text.decode_utf8
                0x0010b9ac      0x140 /opt/devkitpro/libctru/lib/libctru.a(decode_utf8.o)
                0x0010b9ac                decode_utf8
 .text.utf16_to_utf8
                0x0010baec       0xe8 /opt/devkitpro/libctru/lib/libctru.a(utf16_to_utf8.o)
                0x0010baec                utf16_to_utf8
 .text.utf8_to_utf16
                0x0010bbd4       0xc0 /opt/devkitpro/libctru/lib/libctru.a(utf8_to_utf16.o)
                0x0010bbd4                utf8_to_utf16
 .text.__aeabi_read_tp
                0x0010bc94        0xc /opt/devkitpro/libctru/lib/libctru.a(readtp.o)
                0x0010bc94                __aeabi_read_tp
 .text.decode_utf16
                0x0010bca0       0x54 /opt/devkitpro/libctru/lib/libctru.a(decode_utf16.o)
                0x0010bca0                decode_utf16
 .text.encode_utf16
                0x0010bcf4       0x54 /opt/devkitpro/libctru/lib/libctru.a(encode_utf16.o)
                0x0010bcf4                encode_utf16
 .text.encode_utf8
                0x0010bd48       0xe0 /opt/devkitpro/libctru/lib/libctru.a(encode_utf8.o)
                0x0010bd48                encode_utf8
 .text.__fixdfdi
                0x0010be28       0x2c /opt/devkitpro/devkitARM/lib/gcc/arm-none-eabi/15.2.0/armv6k/fpu/libgcc.a(_fixdfdi.o)
                0x0010be28                __aeabi_d2lz
                0x0010be28                __fixdfdi
 *fill*         0x0010be54        0x4 
 .text.__fixunsdfdi
                0x0010be58       0x40 /opt/devkitpro/devkitARM/lib/gcc/arm-none-eabi/15.2.0/armv6k/fpu/libgcc.a(_fixunsdfdi.o)
                0x0010be58                __aeabi_d2ulz
                0x0010be58                __fixunsdfdi
 .text.__udivmoddi4
                0x0010be98      0x130 /opt/devkitpro/devkitARM/lib/gcc/arm-none-eabi/15.2.0/armv6k/fpu/libgcc.a(_udivmoddi4.o)
                0x0010be98                __udivmoddi4
 .text.strncat  0x0010bfc8       0xe4 /opt/devkitpro/devkitARM/lib/gcc/arm-none-eabi/15.2.0/../../../../arm-none-eabi/lib/armv6k/fpu/libg.a(libc_a-strncat.o)
                0x0010bfc8                strncat
 .text.sscanf   0x0010c0ac       0x78 /opt/devkitpro/devkitARM/lib/gcc/arm-none-eabi/15.2.0/../../../../arm-none-eabi/lib/armv6k/fpu/libg.a(libc_a-sscanf.o)
                0x0010c0ac                sscanf
 .text.memcpy   0x0010c124      0x128 /opt/devkitpro/devkitARM/lib/gcc/arm-none-eabi/15.2.0/../../../../arm-none-eabi/lib/armv6k/fpu/libg.a(libc_a-memcpy-stub.o)
                0x0010c124                memcpy
 .text.strlen   0x0010c24c       0x8c /opt/devkitpro/devkitARM/lib/gcc/arm-none-eabi/15.2.0/../../../../arm-none-eabi/lib/armv6k/fpu/libg.a(libc_a-strlen.o)
                0x0010c24c                strlen
 .text.bsearch  0x0010c2d8       0x78 /opt/devkitpro/devkitARM/lib/gcc/arm-none-eabi/15.2.0/../../../../arm-none-eabi/lib/armv6k/fpu/libg.a(libc_a-bsearch.o)
                0x0010c2d8                bsearch
 .text.get_arg  0x0010c350       0x50 /opt/devkitpro/devkitARM/lib/gcc/arm-none-eabi/15.2.0/../../../../arm-none-eabi/lib/armv6k/fpu/libg.a(libc_a-svfscanf.o)
 .text.__ssvfscanf_r
                0x0010c3a0     0x2b88 /opt/devkitpro/devkitARM/lib/gcc/arm-none-eabi/15.2.0/../../../../arm-none-eabi/lib/armv6k/fpu/libg.a(libc_a-svfscanf.o)
                0x0010c3a0                __ssvfscanf_r
 .text.sulp     0x0010ef28       0x60 /opt/devkitpro/devkitARM/lib/gcc/arm-none-eabi/15.2.0/../../../../arm-none-eabi/lib/armv6k/fpu/libg.a(libc_a-strtod.o)
 .text._strtod_l
                0x0010ef88     0x1428 /opt/devkitpro/devkitARM/lib/gcc/arm-none-eabi/15.2.0/../../../../arm-none-eabi/lib/armv6k/fpu/libg.a(libc_a-strtod.o)
                0x0010ef88                _strtod_l
 .text._strtod_r
                0x001103b0       0x44 /opt/devkitpro/devkitARM/lib/gcc/arm-none-eabi/15.2.0/../../../../arm-none-eabi/lib/armv6k/fpu/libg.a(libc_a-strtod.o)
                0x001103b0                _strtod_r
 .text.close    0x001103f4       0x20 /opt/devkitpro/devkitARM/lib/gcc/arm-none-eabi/15.2.0/../../../../arm-none-eabi/lib/armv6k/fpu/libg.a(libc_a-sysclose.o)
                0x001103f4                close
 .text.memalign
                0x00110414       0x28 /opt/devkitpro/devkitARM/lib/gcc/arm-none-eabi/15.2.0/../../../../arm-none-eabi/lib/armv6k/fpu/libg.a(libc_a-malign.o)
                0x00110414                memalign
 .text._strtoull_l.isra.0
                0x0011043c      0x264 /opt/devkitpro/devkitARM/lib/gcc/arm-none-eabi/15.2.0/../../../../arm-none-eabi/lib/armv6k/fpu/libg.a(libc_a-strtoull.o)
 .text._strtoull_r
                0x001106a0       0x38 /opt/devkitpro/devkitARM/lib/gcc/arm-none-eabi/15.2.0/../../../../arm-none-eabi/lib/armv6k/fpu/libg.a(libc_a-strtoull.o)
                0x001106a0                _strtoull_r
 .text.rshift   0x001106d8       0xf4 /opt/devkitpro/devkitARM/lib/gcc/arm-none-eabi/15.2.0/../../../../arm-none-eabi/lib/armv6k/fpu/libg.a(libc_a-gdtoa-gethex.o)
 .text.__gethex
                0x001107cc      0x8b4 /opt/devkitpro/devkitARM/lib/gcc/arm-none-eabi/15.2.0/../../../../arm-none-eabi/lib/armv6k/fpu/libg.a(libc_a-gdtoa-gethex.o)
                0x001107cc                __gethex
 .text.snprintf
                0x00111080       0xa0 /opt/devkitpro/devkitARM/lib/gcc/arm-none-eabi/15.2.0/../../../../arm-none-eabi/lib/armv6k/fpu/libg.a(libc_a-snprintf.o)
                0x00111080                snprintf
 .text.printf   0x00111120       0x34 /opt/devkitpro/devkitARM/lib/gcc/arm-none-eabi/15.2.0/../../../../arm-none-eabi/lib/armv6k/fpu/libg.a(libc_a-printf.o)
                0x00111120                printf
 .text._strtoul_l.isra.0
                0x00111154      0x1ec /opt/devkitpro/devkitARM/lib/gcc/arm-none-eabi/15.2.0/../../../../arm-none-eabi/lib/armv6k/fpu/libg.a(libc_a-strtoul.o)
 .text._strtoul_r
                0x00111340       0x38 /opt/devkitpro/devkitARM/lib/gcc/arm-none-eabi/15.2.0/../../../../arm-none-eabi/lib/armv6k/fpu/libg.a(libc_a-strtoul.o)
                0x00111340                _strtoul_r
 .text.strtoul  0x00111378       0x3c /opt/devkitpro/devkitARM/lib/gcc/arm-none-eabi/15.2.0/../../../../arm-none-eabi/lib/armv6k/fpu/libg.a(libc_a-strtoul.o)
                0x00111378                strtoul
 .text._mbrtowc_r
                0x001113b4       0xc4 /opt/devkitpro/devkitARM/lib/gcc/arm-none-eabi/15.2.0/../../../../arm-none-eabi/lib/armv6k/fpu/libg.a(libc_a-mbrtowc.o)
                0x001113b4                _mbrtowc_r
 .text.__sccl   0x00111478       0xf8 /opt/devkitpro/devkitARM/lib/gcc/arm-none-eabi/15.2.0/../../../../arm-none-eabi/lib/armv6k/fpu/libg.a(libc_a-sccl.o)
                0x00111478                __sccl
 .text._memalign_r
                0x00111570      0x16c /opt/devkitpro/devkitARM/lib/gcc/arm-none-eabi/15.2.0/../../../../arm-none-eabi/lib/armv6k/fpu/libg.a(libc_a-malignr.o)
                0x00111570                _memalign_r
 .text.__errno  0x001116dc        0xc /opt/devkitpro/devkitARM/lib/gcc/arm-none-eabi/15.2.0/../../../../arm-none-eabi/lib/armv6k/fpu/libg.a(libc_a-errno.o)
                0x001116dc                __errno
 .text._strtoll_l.isra.0
                0x001116e8      0x47c /opt/devkitpro/devkitARM/lib/gcc/arm-none-eabi/15.2.0/../../../../arm-none-eabi/lib/armv6k/fpu/libg.a(libc_a-strtoll.o)
 .text._strtoll_r
                0x00111b64       0x38 /opt/devkitpro/devkitARM/lib/gcc/arm-none-eabi/15.2.0/../../../../arm-none-eabi/lib/armv6k/fpu/libg.a(libc_a-strtoll.o)
                0x00111b64                _strtoll_r
 .text.__locale_mb_cur_max
                0x00111b9c       0x24 /opt/devkitpro/devkitARM/lib/gcc/arm-none-eabi/15.2.0/../../../../arm-none-eabi/lib/armv6k/fpu/libg.a(libc_a-locale.o)
                0x00111b9c                __locale_mb_cur_max
 .text.memset   0x00111bc0       0xe4 /opt/devkitpro/devkitARM/lib/gcc/arm-none-eabi/15.2.0/../../../../arm-none-eabi/lib/armv6k/fpu/libg.a(libc_a-memset.o)
                0x00111bc0                memset
 .text.__sflush_r
                0x00111ca4      0x22c /opt/devkitpro/devkitARM/lib/gcc/arm-none-eabi/15.2.0/../../../../arm-none-eabi/lib/armv6k/fpu/libg.a(libc_a-fflush.o)
                0x00111ca4                __sflush_r
 .text._fflush_r
                0x00111ed0       0xc4 /opt/devkitpro/devkitARM/lib/gcc/arm-none-eabi/15.2.0/../../../../arm-none-eabi/lib/armv6k/fpu/libg.a(libc_a-fflush.o)
                0x00111ed0                _fflush_r
 .text.realloc  0x00111f94       0x28 /opt/devkitpro/devkitARM/lib/gcc/arm-none-eabi/15.2.0/../../../../arm-none-eabi/lib/armv6k/fpu/libg.a(libc_a-realloc.o)
                0x00111f94                realloc
 .text._malloc_r
                0x00111fbc      0x82c /opt/devkitpro/devkitARM/lib/gcc/arm-none-eabi/15.2.0/../../../../arm-none-eabi/lib/armv6k/fpu/libg.a(libc_a-mallocr.o)
                0x00111fbc                _malloc_r
 .text._malloc_trim_r
                0x001127e8      0x114 /opt/devkitpro/devkitARM/lib/gcc/arm-none-eabi/15.2.0/../../../../arm-none-eabi/lib/armv6k/fpu/libg.a(libc_a-freer.o)
                0x001127e8                _malloc_trim_r
 .text._free_r  0x001128fc      0x314 /opt/devkitpro/devkitARM/lib/gcc/arm-none-eabi/15.2.0/../../../../arm-none-eabi/lib/armv6k/fpu/libg.a(libc_a-freer.o)
                0x001128fc                _free_r
 .text.setvbuf  0x00112c10      0x294 /opt/devkitpro/devkitARM/lib/gcc/arm-none-eabi/15.2.0/../../../../arm-none-eabi/lib/armv6k/fpu/libg.a(libc_a-setvbuf.o)
                0x00112c10                setvbuf
 .text._sungetc_r
                0x00112ea4       0xe4 /opt/devkitpro/devkitARM/lib/gcc/arm-none-eabi/15.2.0/../../../../arm-none-eabi/lib/armv6k/fpu/libg.a(libc_a-svfiscanf.o)
                0x00112ea4                _sungetc_r
 .text.__ssrefill_r
                0x00112f88       0x6c /opt/devkitpro/devkitARM/lib/gcc/arm-none-eabi/15.2.0/../../../../arm-none-eabi/lib/armv6k/fpu/libg.a(libc_a-svfiscanf.o)
                0x00112f88                __ssrefill_r
 .text._sfread_r
                0x00112ff4       0xb4 /opt/devkitpro/devkitARM/lib/gcc/arm-none-eabi/15.2.0/../../../../arm-none-eabi/lib/armv6k/fpu/libg.a(libc_a-svfiscanf.o)
                0x00112ff4                _sfread_r
 .text.stdio_exit_handler
                0x001130a8       0x1c /opt/devkitpro/devkitARM/lib/gcc/arm-none-eabi/15.2.0/../../../../arm-none-eabi/lib/armv6k/fpu/libg.a(libc_a-findfp.o)
 .text.cleanup_stdio
                0x001130c4       0x5c /opt/devkitpro/devkitARM/lib/gcc/arm-none-eabi/15.2.0/../../../../arm-none-eabi/lib/armv6k/fpu/libg.a(libc_a-findfp.o)
 .text.global_stdio_init.part.0
                0x00113120      0x154 /opt/devkitpro/devkitARM/lib/gcc/arm-none-eabi/15.2.0/../../../../arm-none-eabi/lib/armv6k/fpu/libg.a(libc_a-findfp.o)
 .text.__sinit  0x00113274       0x5c /opt/devkitpro/devkitARM/lib/gcc/arm-none-eabi/15.2.0/../../../../arm-none-eabi/lib/armv6k/fpu/libg.a(libc_a-findfp.o)
                0x00113274                __sinit
 .text.__sfp_lock_acquire
                0x001132d0        0xc /opt/devkitpro/devkitARM/lib/gcc/arm-none-eabi/15.2.0/../../../../arm-none-eabi/lib/armv6k/fpu/libg.a(libc_a-findfp.o)
                0x001132d0                __sfp_lock_acquire
 .text.__sfp_lock_release
                0x001132dc        0xc /opt/devkitpro/devkitARM/lib/gcc/arm-none-eabi/15.2.0/../../../../arm-none-eabi/lib/armv6k/fpu/libg.a(libc_a-findfp.o)
                0x001132dc                __sfp_lock_release
 .text._strtol_l.part.0
                0x001132e8      0x384 /opt/devkitpro/devkitARM/lib/gcc/arm-none-eabi/15.2.0/../../../../arm-none-eabi/lib/armv6k/fpu/libg.a(libc_a-strtol.o)
 .text._strtol_r
                0x0011366c       0x6c /opt/devkitpro/devkitARM/lib/gcc/arm-none-eabi/15.2.0/../../../../arm-none-eabi/lib/armv6k/fpu/libg.a(libc_a-strtol.o)
                0x0011366c                _strtol_r
 .text.__libc_init_array
                0x001136d8       0x84 /opt/devkitpro/devkitARM/lib/gcc/arm-none-eabi/15.2.0/../../../../arm-none-eabi/lib/armv6k/fpu/libg.a(libc_a-init.o)
                0x001136d8                __libc_init_array
 .text.strncpy  0x0011375c       0xd4 /opt/devkitpro/devkitARM/lib/gcc/arm-none-eabi/15.2.0/../../../../arm-none-eabi/lib/armv6k/fpu/libg.a(libc_a-strncpy.o)
                0x0011375c                strncpy
 .text.malloc   0x00113830       0x40 /opt/devkitpro/devkitARM/lib/gcc/arm-none-eabi/15.2.0/../../../../arm-none-eabi/lib/armv6k/fpu/libg.a(libc_a-malloc.o)
                0x00113830                malloc
 .text.free     0x00113870       0x20 /opt/devkitpro/devkitARM/lib/gcc/arm-none-eabi/15.2.0/../../../../arm-none-eabi/lib/armv6k/fpu/libg.a(libc_a-malloc.o)
                0x00113870                free
 .text._puts_r  0x00113890       0xe0 /opt/devkitpro/devkitARM/lib/gcc/arm-none-eabi/15.2.0/../../../../arm-none-eabi/lib/armv6k/fpu/libg.a(libc_a-puts.o)
                0x00113890                _puts_r
 .text.puts     0x00113970       0x20 /opt/devkitpro/devkitARM/lib/gcc/arm-none-eabi/15.2.0/../../../../arm-none-eabi/lib/armv6k/fpu/libg.a(libc_a-puts.o)
                0x00113970                puts
 .text._localeconv_r
                0x00113990       0x24 /opt/devkitpro/devkitARM/lib/gcc/arm-none-eabi/15.2.0/../../../../arm-none-eabi/lib/armv6k/fpu/libg.a(libc_a-localeconv.o)
                0x00113990                _localeconv_r
 .text.__sread  0x001139b4       0x44 /opt/devkitpro/devkitARM/lib/gcc/arm-none-eabi/15.2.0/../../../../arm-none-eabi/lib/armv6k/fpu/libg.a(libc_a-stdio.o)
                0x001139b4                __sread
 .text.__seofread
                0x001139f8        0x8 /opt/devkitpro/devkitARM/lib/gcc/arm-none-eabi/15.2.0/../../../../arm-none-eabi/lib/armv6k/fpu/libg.a(libc_a-stdio.o)
                0x001139f8                __seofread
 .text.__swrite
                0x00113a00       0x68 /opt/devkitpro/devkitARM/lib/gcc/arm-none-eabi/15.2.0/../../../../arm-none-eabi/lib/armv6k/fpu/libg.a(libc_a-stdio.o)
                0x00113a00                __swrite
 .text.__sseek  0x00113a68       0x40 /opt/devkitpro/devkitARM/lib/gcc/arm-none-eabi/15.2.0/../../../../arm-none-eabi/lib/armv6k/fpu/libg.a(libc_a-stdio.o)
                0x00113a68                __sseek
 .text.__sclose
                0x00113aa8        0x8 /opt/devkitpro/devkitARM/lib/gcc/arm-none-eabi/15.2.0/../../../../arm-none-eabi/lib/armv6k/fpu/libg.a(libc_a-stdio.o)
                0x00113aa8                __sclose
 .text._realloc_r
                0x00113ab0      0x4f0 /opt/devkitpro/devkitARM/lib/gcc/arm-none-eabi/15.2.0/../../../../arm-none-eabi/lib/armv6k/fpu/libg.a(libc_a-reallocr.o)
                0x00113ab0                _realloc_r
 .text.__malloc_lock
                0x00113fa0        0xc /opt/devkitpro/devkitARM/lib/gcc/arm-none-eabi/15.2.0/../../../../arm-none-eabi/lib/armv6k/fpu/libg.a(libc_a-mlock.o)
                0x00113fa0                __malloc_lock
 .text.__malloc_unlock
                0x00113fac        0xc /opt/devkitpro/devkitARM/lib/gcc/arm-none-eabi/15.2.0/../../../../arm-none-eabi/lib/armv6k/fpu/libg.a(libc_a-mlock.o)
                0x00113fac                __malloc_unlock
 .text._fclose_r
                0x00113fb8      0x148 /opt/devkitpro/devkitARM/lib/gcc/arm-none-eabi/15.2.0/../../../../arm-none-eabi/lib/armv6k/fpu/libg.a(libc_a-fclose.o)
                0x00113fb8                _fclose_r
 .text.__call_exitprocs
                0x00114100        0x4 /opt/devkitpro/devkitARM/lib/gcc/arm-none-eabi/15.2.0/../../../../arm-none-eabi/lib/armv6k/fpu/libg.a(libc_a-exit.o)
                0x00114100                __call_exitprocs
 .text.exit     0x00114104       0x30 /opt/devkitpro/devkitARM/lib/gcc/arm-none-eabi/15.2.0/../../../../arm-none-eabi/lib/armv6k/fpu/libg.a(libc_a-exit.o)
                0x00114104                exit
 .text.get_arg  0x00114134      0x5e0 /opt/devkitpro/devkitARM/lib/gcc/arm-none-eabi/15.2.0/../../../../arm-none-eabi/lib/armv6k/fpu/libg.a(libc_a-svfprintf.o)
 *fill*         0x00114714        0x4 
 .text._svfprintf_r
                0x00114718     0x345c /opt/devkitpro/devkitARM/lib/gcc/arm-none-eabi/15.2.0/../../../../arm-none-eabi/lib/armv6k/fpu/libg.a(libc_a-svfprintf.o)
                0x00114718                _svfprintf_r
 .text.__utf8_wctomb
                0x00117b74       0xf8 /opt/devkitpro/devkitARM/lib/gcc/arm-none-eabi/15.2.0/../../../../arm-none-eabi/lib/armv6k/fpu/libg.a(libc_a-wctomb_r.o)
                0x00117b74                __utf8_wctomb
 .text.__libc_fini_array
                0x00117c6c       0x3c /opt/devkitpro/devkitARM/lib/gcc/arm-none-eabi/15.2.0/../../../../arm-none-eabi/lib/armv6k/fpu/libg.a(libc_a-fini.o)
                0x00117c6c                __libc_fini_array
 .text.strnlen  0x00117ca8       0x3c /opt/devkitpro/devkitARM/lib/gcc/arm-none-eabi/15.2.0/../../../../arm-none-eabi/lib/armv6k/fpu/libg.a(libc_a-strnlen.o)
                0x00117ca8                strnlen
 .text.strncmp  0x00117ce4       0xd8 /opt/devkitpro/devkitARM/lib/gcc/arm-none-eabi/15.2.0/../../../../arm-none-eabi/lib/armv6k/fpu/libg.a(libc_a-strncmp.o)
                0x00117ce4                strncmp
 .text.__match  0x00117dbc       0x70 /opt/devkitpro/devkitARM/lib/gcc/arm-none-eabi/15.2.0/../../../../arm-none-eabi/lib/armv6k/fpu/libg.a(libc_a-gdtoa-hexnan.o)
                0x00117dbc                __match
 .text.__hexnan
                0x00117e2c      0x2a8 /opt/devkitpro/devkitARM/lib/gcc/arm-none-eabi/15.2.0/../../../../arm-none-eabi/lib/armv6k/fpu/libg.a(libc_a-gdtoa-hexnan.o)
                0x00117e2c                __hexnan
 .text.sprintf  0x001180d4       0x68 /opt/devkitpro/devkitARM/lib/gcc/arm-none-eabi/15.2.0/../../../../arm-none-eabi/lib/armv6k/fpu/libg.a(libc_a-sprintf.o)
                0x001180d4                sprintf
 *fill*         0x0011813c        0x4 
 .text.nan      0x00118140       0x10 /opt/devkitpro/devkitARM/lib/gcc/arm-none-eabi/15.2.0/../../../../arm-none-eabi/lib/armv6k/fpu/libg.a(libm_a-s_nan.o)
                0x00118140                nan
 .text.nanf     0x00118150        0xc /opt/devkitpro/devkitARM/lib/gcc/arm-none-eabi/15.2.0/../../../../arm-none-eabi/lib/armv6k/fpu/libg.a(libm_a-sf_nan.o)
                0x00118150                nanf
 *fill*         0x0011815c        0x4 
 .text.frexp    0x00118160       0x88 /opt/devkitpro/devkitARM/lib/gcc/arm-none-eabi/15.2.0/../../../../arm-none-eabi/lib/armv6k/fpu/libg.a(libm_a-s_frexp.o)
                0x00118160                frexp
 .text.stpncpy  0x001181e8       0xdc /opt/devkitpro/devkitARM/lib/gcc/arm-none-eabi/15.2.0/../../../../arm-none-eabi/lib/armv6k/fpu/libg.a(libc_a-stpncpy.o)
                0x001181e8                stpncpy
 .text.__assert_func
                0x001182c4       0x5c /opt/devkitpro/devkitARM/lib/gcc/arm-none-eabi/15.2.0/../../../../arm-none-eabi/lib/armv6k/fpu/libg.a(libc_a-assert.o)
                0x001182c4                __assert_func
 .text.iswspace
                0x00118320        0x8 /opt/devkitpro/devkitARM/lib/gcc/arm-none-eabi/15.2.0/../../../../arm-none-eabi/lib/armv6k/fpu/libg.a(libc_a-iswspace.o)
                0x00118320                iswspace
 .text._Balloc  0x00118328       0x88 /opt/devkitpro/devkitARM/lib/gcc/arm-none-eabi/15.2.0/../../../../arm-none-eabi/lib/armv6k/fpu/libg.a(libc_a-mprec.o)
                0x00118328                _Balloc
 .text._Bfree   0x001183b0       0x1c /opt/devkitpro/devkitARM/lib/gcc/arm-none-eabi/15.2.0/../../../../arm-none-eabi/lib/armv6k/fpu/libg.a(libc_a-mprec.o)
                0x001183b0                _Bfree
 .text.__multadd
                0x001183cc       0xf4 /opt/devkitpro/devkitARM/lib/gcc/arm-none-eabi/15.2.0/../../../../arm-none-eabi/lib/armv6k/fpu/libg.a(libc_a-mprec.o)
                0x001183cc                __multadd
 .text.__s2b    0x001184c0      0x10c /opt/devkitpro/devkitARM/lib/gcc/arm-none-eabi/15.2.0/../../../../arm-none-eabi/lib/armv6k/fpu/libg.a(libc_a-mprec.o)
                0x001184c0                __s2b
 .text.__hi0bits
                0x001185cc       0x80 /opt/devkitpro/devkitARM/lib/gcc/arm-none-eabi/15.2.0/../../../../arm-none-eabi/lib/armv6k/fpu/libg.a(libc_a-mprec.o)
                0x001185cc                __hi0bits
 .text.__lo0bits
                0x0011864c       0xf0 /opt/devkitpro/devkitARM/lib/gcc/arm-none-eabi/15.2.0/../../../../arm-none-eabi/lib/armv6k/fpu/libg.a(libc_a-mprec.o)
                0x0011864c                __lo0bits
 .text.__i2b    0x0011873c       0xa4 /opt/devkitpro/devkitARM/lib/gcc/arm-none-eabi/15.2.0/../../../../arm-none-eabi/lib/armv6k/fpu/libg.a(libc_a-mprec.o)
                0x0011873c                __i2b
 .text.__multiply
                0x001187e0      0x230 /opt/devkitpro/devkitARM/lib/gcc/arm-none-eabi/15.2.0/../../../../arm-none-eabi/lib/armv6k/fpu/libg.a(libc_a-mprec.o)
                0x001187e0                __multiply
 .text.__pow5mult
                0x00118a10      0x130 /opt/devkitpro/devkitARM/lib/gcc/arm-none-eabi/15.2.0/../../../../arm-none-eabi/lib/armv6k/fpu/libg.a(libc_a-mprec.o)
                0x00118a10                __pow5mult
 .text.__lshift
                0x00118b40      0x138 /opt/devkitpro/devkitARM/lib/gcc/arm-none-eabi/15.2.0/../../../../arm-none-eabi/lib/armv6k/fpu/libg.a(libc_a-mprec.o)
                0x00118b40                __lshift
 .text.__mcmp   0x00118c78       0x58 /opt/devkitpro/devkitARM/lib/gcc/arm-none-eabi/15.2.0/../../../../arm-none-eabi/lib/armv6k/fpu/libg.a(libc_a-mprec.o)
                0x00118c78                __mcmp
 .text.__mdiff  0x00118cd0      0x218 /opt/devkitpro/devkitARM/lib/gcc/arm-none-eabi/15.2.0/../../../../arm-none-eabi/lib/armv6k/fpu/libg.a(libc_a-mprec.o)
                0x00118cd0                __mdiff
 .text.__ulp    0x00118ee8       0x68 /opt/devkitpro/devkitARM/lib/gcc/arm-none-eabi/15.2.0/../../../../arm-none-eabi/lib/armv6k/fpu/libg.a(libc_a-mprec.o)
                0x00118ee8                __ulp
 .text.__b2d    0x00118f50       0xd4 /opt/devkitpro/devkitARM/lib/gcc/arm-none-eabi/15.2.0/../../../../arm-none-eabi/lib/armv6k/fpu/libg.a(libc_a-mprec.o)
                0x00118f50                __b2d
 .text.__d2b    0x00119024      0x120 /opt/devkitpro/devkitARM/lib/gcc/arm-none-eabi/15.2.0/../../../../arm-none-eabi/lib/armv6k/fpu/libg.a(libc_a-mprec.o)
                0x00119024                __d2b
 .text.__ratio  0x00119144       0x78 /opt/devkitpro/devkitARM/lib/gcc/arm-none-eabi/15.2.0/../../../../arm-none-eabi/lib/armv6k/fpu/libg.a(libc_a-mprec.o)
                0x00119144                __ratio
 .text.__copybits
                0x001191bc       0x8c /opt/devkitpro/devkitARM/lib/gcc/arm-none-eabi/15.2.0/../../../../arm-none-eabi/lib/armv6k/fpu/libg.a(libc_a-mprec.o)
                0x001191bc                __copybits
 .text.__any_on
                0x00119248       0x5c /opt/devkitpro/devkitARM/lib/gcc/arm-none-eabi/15.2.0/../../../../arm-none-eabi/lib/armv6k/fpu/libg.a(libc_a-mprec.o)
                0x00119248                __any_on
 .text._fwalk_sglue
                0x001192a4       0x70 /opt/devkitpro/devkitARM/lib/gcc/arm-none-eabi/15.2.0/../../../../arm-none-eabi/lib/armv6k/fpu/libg.a(libc_a-fwalk.o)
                0x001192a4                _fwalk_sglue
 .text.get_arg  0x00119314      0x5e0 /opt/devkitpro/devkitARM/lib/gcc/arm-none-eabi/15.2.0/../../../../arm-none-eabi/lib/armv6k/fpu/libg.a(libc_a-vfprintf.o)
 *fill*         0x001198f4        0x4 
 .text._vfprintf_r
                0x001198f8     0x3554 /opt/devkitpro/devkitARM/lib/gcc/arm-none-eabi/15.2.0/../../../../arm-none-eabi/lib/armv6k/fpu/libg.a(libc_a-vfprintf.o)
                0x001198f8                _vfprintf_r
 .text.__sbprintf
                0x0011ce4c       0xb4 /opt/devkitpro/devkitARM/lib/gcc/arm-none-eabi/15.2.0/../../../../arm-none-eabi/lib/armv6k/fpu/libg.a(libc_a-vfprintf.o)
 .text._wcrtomb_r
                0x0011cf00       0xa0 /opt/devkitpro/devkitARM/lib/gcc/arm-none-eabi/15.2.0/../../../../arm-none-eabi/lib/armv6k/fpu/libg.a(libc_a-wcrtomb.o)
                0x0011cf00                _wcrtomb_r
 .text.__submore
                0x0011cfa0       0xb8 /opt/devkitpro/devkitARM/lib/gcc/arm-none-eabi/15.2.0/../../../../arm-none-eabi/lib/armv6k/fpu/libg.a(libc_a-ungetc.o)
                0x0011cfa0                __submore
 .text.__ssprint_r
                0x0011d058       0xa4 /opt/devkitpro/devkitARM/lib/gcc/arm-none-eabi/15.2.0/../../../../arm-none-eabi/lib/armv6k/fpu/libg.a(libc_a-ssprint_r.o)
                0x0011d058                __ssprint_r
 .text.__utf8_mbtowc
                0x0011d0fc      0x340 /opt/devkitpro/devkitARM/lib/gcc/arm-none-eabi/15.2.0/../../../../arm-none-eabi/lib/armv6k/fpu/libg.a(libc_a-mbtowc_r.o)
                0x0011d0fc                __utf8_mbtowc
 .text.fiprintf
                0x0011d43c       0x3c /opt/devkitpro/devkitARM/lib/gcc/arm-none-eabi/15.2.0/../../../../arm-none-eabi/lib/armv6k/fpu/libg.a(libc_a-fiprintf.o)
                0x0011d43c                fiprintf
 .text.__sfvwrite_r
                0x0011d478      0x4a4 /opt/devkitpro/devkitARM/lib/gcc/arm-none-eabi/15.2.0/../../../../arm-none-eabi/lib/armv6k/fpu/libg.a(libc_a-fvwrite.o)
                0x0011d478                __sfvwrite_r
 .text.strchr   0x0011d91c      0x140 /opt/devkitpro/devkitARM/lib/gcc/arm-none-eabi/15.2.0/../../../../arm-none-eabi/lib/armv6k/fpu/libg.a(libc_a-strchr.o)
                0x0011d91c                strchr
 .text.abort    0x0011da5c       0x14 /opt/devkitpro/devkitARM/lib/gcc/arm-none-eabi/15.2.0/../../../../arm-none-eabi/lib/armv6k/fpu/libg.a(libc_a-abort.o)
                0x0011da5c                abort
 .text.__smakebuf_r
                0x0011da70      0x164 /opt/devkitpro/devkitARM/lib/gcc/arm-none-eabi/15.2.0/../../../../arm-none-eabi/lib/armv6k/fpu/libg.a(libc_a-makebuf.o)
                0x0011da70                __smakebuf_r
 .text.__swhatbuf_r
                0x0011dbd4       0x90 /opt/devkitpro/devkitARM/lib/gcc/arm-none-eabi/15.2.0/../../../../arm-none-eabi/lib/armv6k/fpu/libg.a(libc_a-makebuf.o)
                0x0011dbd4                __swhatbuf_r
 .text._calloc_r
                0x0011dc64       0xd8 /opt/devkitpro/devkitARM/lib/gcc/arm-none-eabi/15.2.0/../../../../arm-none-eabi/lib/armv6k/fpu/libg.a(libc_a-callocr.o)
                0x0011dc64                _calloc_r
 .text.__sprint_r
                0x0011dd3c       0x30 /opt/devkitpro/devkitARM/lib/gcc/arm-none-eabi/15.2.0/../../../../arm-none-eabi/lib/armv6k/fpu/libg.a(libc_a-sprint_r.o)
                0x0011dd3c                __sprint_r
 .text.quorem   0x0011dd6c      0x1c0 /opt/devkitpro/devkitARM/lib/gcc/arm-none-eabi/15.2.0/../../../../arm-none-eabi/lib/armv6k/fpu/libg.a(libc_a-dtoa.o)
 *fill*         0x0011df2c        0x4 
 .text._dtoa_r  0x0011df30     0x1420 /opt/devkitpro/devkitARM/lib/gcc/arm-none-eabi/15.2.0/../../../../arm-none-eabi/lib/armv6k/fpu/libg.a(libc_a-dtoa.o)
                0x0011df30                _dtoa_r
 .text.memchr   0x0011f350       0xe8 /opt/devkitpro/devkitARM/lib/gcc/arm-none-eabi/15.2.0/../../../../arm-none-eabi/lib/armv6k/fpu/libg.a(libc_a-memchr-stub.o)
                0x0011f350                memchr
 .text._wcsrtombs_r
                0x0011f438       0x28 /opt/devkitpro/devkitARM/lib/gcc/arm-none-eabi/15.2.0/../../../../arm-none-eabi/lib/armv6k/fpu/libg.a(libc_a-wcsrtombs.o)
                0x0011f438                _wcsrtombs_r
 .text.__swsetup_r
                0x0011f460      0x140 /opt/devkitpro/devkitARM/lib/gcc/arm-none-eabi/15.2.0/../../../../arm-none-eabi/lib/armv6k/fpu/libg.a(libc_a-wsetup.o)
                0x0011f460                __swsetup_r
 .text.memmove  0x0011f5a0      0x1a8 /opt/devkitpro/devkitARM/lib/gcc/arm-none-eabi/15.2.0/../../../../arm-none-eabi/lib/armv6k/fpu/libg.a(libc_a-memmove.o)
                0x0011f5a0                memmove
 .text.iswspace_l
                0x0011f748       0x38 /opt/devkitpro/devkitARM/lib/gcc/arm-none-eabi/15.2.0/../../../../arm-none-eabi/lib/armv6k/fpu/libg.a(libc_a-iswspace_l.o)
                0x0011f748                iswspace_l
 .text.__ssputs_r
                0x0011f780      0x12c /opt/devkitpro/devkitARM/lib/gcc/arm-none-eabi/15.2.0/../../../../arm-none-eabi/lib/armv6k/fpu/libg.a(libc_a-ssputs_r.o)
                0x0011f780                __ssputs_r
 .text.get_arg  0x0011f8ac      0x5e0 /opt/devkitpro/devkitARM/lib/gcc/arm-none-eabi/15.2.0/../../../../arm-none-eabi/lib/armv6k/fpu/libg.a(libc_a-vfiprintf.o)
 .text._vfiprintf_r
                0x0011fe8c     0x22f8 /opt/devkitpro/devkitARM/lib/gcc/arm-none-eabi/15.2.0/../../../../arm-none-eabi/lib/armv6k/fpu/libg.a(libc_a-vfiprintf.o)
                0x0011fe8c                _vfiprintf_r
 .text.__sbprintf
                0x00122184       0xb4 /opt/devkitpro/devkitARM/lib/gcc/arm-none-eabi/15.2.0/../../../../arm-none-eabi/lib/armv6k/fpu/libg.a(libc_a-vfiprintf.o)
 .text._wcsnrtombs_l
                0x00122238      0x15c /opt/devkitpro/devkitARM/lib/gcc/arm-none-eabi/15.2.0/../../../../arm-none-eabi/lib/armv6k/fpu/libg.a(libc_a-wcsnrtombs.o)
                0x00122238                _wcsnrtombs_l
 .text._wcsnrtombs_r
                0x00122394       0x64 /opt/devkitpro/devkitARM/lib/gcc/arm-none-eabi/15.2.0/../../../../arm-none-eabi/lib/armv6k/fpu/libg.a(libc_a-wcsnrtombs.o)
                0x00122394                _wcsnrtombs_r
 .text._raise_r
                0x001223f8       0x9c /opt/devkitpro/devkitARM/lib/gcc/arm-none-eabi/15.2.0/../../../../arm-none-eabi/lib/armv6k/fpu/libg.a(libc_a-signal.o)
                0x001223f8                _raise_r
 .text.raise    0x00122494       0x20 /opt/devkitpro/devkitARM/lib/gcc/arm-none-eabi/15.2.0/../../../../arm-none-eabi/lib/armv6k/fpu/libg.a(libc_a-signal.o)
                0x00122494                raise
 .text.category
                0x001224b4       0x90 /opt/devkitpro/devkitARM/lib/gcc/arm-none-eabi/15.2.0/../../../../arm-none-eabi/lib/armv6k/fpu/libg.a(libc_a-categories.o)
                0x001224b4                category
 .text._exit    0x00122544       0x20 /opt/devkitpro/devkitARM/lib/gcc/arm-none-eabi/15.2.0/../../../../arm-none-eabi/lib/armv6k/fpu/libsysbase.a(libsysbase_libsysbase_a-_exit.o)
                0x00122544                _exit
 .text.chdir    0x00122564      0x140 /opt/devkitpro/devkitARM/lib/gcc/arm-none-eabi/15.2.0/../../../../arm-none-eabi/lib/armv6k/fpu/libsysbase.a(libsysbase_libsysbase_a-chdir.o)
                0x00122564                chdir
 .text._concatenate_path
                0x001226a4      0x1c8 /opt/devkitpro/devkitARM/lib/gcc/arm-none-eabi/15.2.0/../../../../arm-none-eabi/lib/armv6k/fpu/libsysbase.a(libsysbase_libsysbase_a-concatenate.o)
                0x001226a4                _concatenate_path
 .text._fstat_r
                0x0012286c       0x9c /opt/devkitpro/devkitARM/lib/gcc/arm-none-eabi/15.2.0/../../../../arm-none-eabi/lib/armv6k/fpu/libsysbase.a(libsysbase_libsysbase_a-fstat.o)
                0x0012286c                _fstat_r
 .text._getpid_r
                0x00122908       0x14 /opt/devkitpro/devkitARM/lib/gcc/arm-none-eabi/15.2.0/../../../../arm-none-eabi/lib/armv6k/fpu/libsysbase.a(libsysbase_libsysbase_a-getpid.o)
                0x00122908                _getpid_r
 .text.__getreent
                0x0012291c       0x2c /opt/devkitpro/devkitARM/lib/gcc/arm-none-eabi/15.2.0/../../../../arm-none-eabi/lib/armv6k/fpu/libsysbase.a(libsysbase_libsysbase_a-getreent.o)
                0x0012291c                __getreent
 .text.__release_handle
                0x00122948       0xa0 /opt/devkitpro/devkitARM/lib/gcc/arm-none-eabi/15.2.0/../../../../arm-none-eabi/lib/armv6k/fpu/libsysbase.a(libsysbase_libsysbase_a-handle_manager.o)
                0x00122948                __release_handle
 .text.__alloc_handle
                0x001229e8       0xb0 /opt/devkitpro/devkitARM/lib/gcc/arm-none-eabi/15.2.0/../../../../arm-none-eabi/lib/armv6k/fpu/libsysbase.a(libsysbase_libsysbase_a-handle_manager.o)
                0x001229e8                __alloc_handle
 .text.__get_handle
                0x00122a98       0x58 /opt/devkitpro/devkitARM/lib/gcc/arm-none-eabi/15.2.0/../../../../arm-none-eabi/lib/armv6k/fpu/libsysbase.a(libsysbase_libsysbase_a-handle_manager.o)
                0x00122a98                __get_handle
 .text._close_r
                0x00122af0      0x110 /opt/devkitpro/devkitARM/lib/gcc/arm-none-eabi/15.2.0/../../../../arm-none-eabi/lib/armv6k/fpu/libsysbase.a(libsysbase_libsysbase_a-handle_manager.o)
                0x00122af0                _close_r
 .text.null_write
                0x00122c00        0x8 /opt/devkitpro/devkitARM/lib/gcc/arm-none-eabi/15.2.0/../../../../arm-none-eabi/lib/armv6k/fpu/libsysbase.a(libsysbase_libsysbase_a-iosupport.o)
 .text.setDefaultDevice
                0x00122c08       0x18 /opt/devkitpro/devkitARM/lib/gcc/arm-none-eabi/15.2.0/../../../../arm-none-eabi/lib/armv6k/fpu/libsysbase.a(libsysbase_libsysbase_a-iosupport.o)
                0x00122c08                setDefaultDevice
 .text.FindDevice
                0x00122c20       0x98 /opt/devkitpro/devkitARM/lib/gcc/arm-none-eabi/15.2.0/../../../../arm-none-eabi/lib/armv6k/fpu/libsysbase.a(libsysbase_libsysbase_a-iosupport.o)
                0x00122c20                FindDevice
 .text.RemoveDevice
                0x00122cb8       0x24 /opt/devkitpro/devkitARM/lib/gcc/arm-none-eabi/15.2.0/../../../../arm-none-eabi/lib/armv6k/fpu/libsysbase.a(libsysbase_libsysbase_a-iosupport.o)
                0x00122cb8                RemoveDevice
 .text.AddDevice
                0x00122cdc       0x88 /opt/devkitpro/devkitARM/lib/gcc/arm-none-eabi/15.2.0/../../../../arm-none-eabi/lib/armv6k/fpu/libsysbase.a(libsysbase_libsysbase_a-iosupport.o)
                0x00122cdc                AddDevice
 .text.GetDeviceOpTab
                0x00122d64       0x20 /opt/devkitpro/devkitARM/lib/gcc/arm-none-eabi/15.2.0/../../../../arm-none-eabi/lib/armv6k/fpu/libsysbase.a(libsysbase_libsysbase_a-iosupport.o)
                0x00122d64                GetDeviceOpTab
 .text._isatty_r
                0x00122d84        0x8 /opt/devkitpro/devkitARM/lib/gcc/arm-none-eabi/15.2.0/../../../../arm-none-eabi/lib/armv6k/fpu/libsysbase.a(libsysbase_libsysbase_a-isatty.o)
                0x00122d84                _isatty_r
 .text._kill_r  0x00122d8c       0x14 /opt/devkitpro/devkitARM/lib/gcc/arm-none-eabi/15.2.0/../../../../arm-none-eabi/lib/armv6k/fpu/libsysbase.a(libsysbase_libsysbase_a-kill.o)
                0x00122d8c                _kill_r
 .text._lseek_r
                0x00122da0       0x94 /opt/devkitpro/devkitARM/lib/gcc/arm-none-eabi/15.2.0/../../../../arm-none-eabi/lib/armv6k/fpu/libsysbase.a(libsysbase_libsysbase_a-lseek.o)
                0x00122da0                _lseek_r
 .text._read_r  0x00122e34       0x94 /opt/devkitpro/devkitARM/lib/gcc/arm-none-eabi/15.2.0/../../../../arm-none-eabi/lib/armv6k/fpu/libsysbase.a(libsysbase_libsysbase_a-read.o)
                0x00122e34                _read_r
 .text._sbrk_r  0x00122ec8       0x78 /opt/devkitpro/devkitARM/lib/gcc/arm-none-eabi/15.2.0/../../../../arm-none-eabi/lib/armv6k/fpu/libsysbase.a(libsysbase_libsysbase_a-sbrk.o)
                0x00122ec8                _sbrk_r
 .text.__libc_lock_acquire
                0x00122f40       0x1c /opt/devkitpro/devkitARM/lib/gcc/arm-none-eabi/15.2.0/../../../../arm-none-eabi/lib/armv6k/fpu/libsysbase.a(libsysbase_libsysbase_a-syscall_support.o)
                0x00122f40                __libc_lock_acquire
 .text.__libc_lock_release
                0x00122f5c       0x1c /opt/devkitpro/devkitARM/lib/gcc/arm-none-eabi/15.2.0/../../../../arm-none-eabi/lib/armv6k/fpu/libsysbase.a(libsysbase_libsysbase_a-syscall_support.o)
                0x00122f5c                __libc_lock_release
 .text.__libc_lock_acquire_recursive
                0x00122f78       0x1c /opt/devkitpro/devkitARM/lib/gcc/arm-none-eabi/15.2.0/../../../../arm-none-eabi/lib/armv6k/fpu/libsysbase.a(libsysbase_libsysbase_a-syscall_support.o)
                0x00122f78                __libc_lock_acquire_recursive
 .text.__libc_lock_release_recursive
                0x00122f94       0x1c /opt/devkitpro/devkitARM/lib/gcc/arm-none-eabi/15.2.0/../../../../arm-none-eabi/lib/armv6k/fpu/libsysbase.a(libsysbase_libsysbase_a-syscall_support.o)
                0x00122f94                __libc_lock_release_recursive
 .text._write_r
                0x00122fb0       0x94 /opt/devkitpro/devkitARM/lib/gcc/arm-none-eabi/15.2.0/../../../../arm-none-eabi/lib/armv6k/fpu/libsysbase.a(libsysbase_libsysbase_a-write.o)
                0x00122fb0                _write_r
 .text.strrchr  0x00123044       0x48 /opt/devkitpro/devkitARM/lib/gcc/arm-none-eabi/15.2.0/../../../../arm-none-eabi/lib/armv6k/fpu/libg.a(libc_a-strrchr.o)
                0x00123044                strrchr
 *(.glue_7)
 .glue_7        0x0012308c        0x0 linker stubs
 *(.glue_7t)
 .glue_7t       0x0012308c        0x0 linker stubs
 *(.stub)
 *(.gnu.warning)
 *(.gnu.linkonce.t*)
                0x0012308c                        . = ALIGN (0x4)
 *(.fini)
 .fini          0x0012308c        0xc /opt/devkitpro/devkitARM/lib/gcc/arm-none-eabi/15.2.0/armv6k/fpu/crti.o
                0x0012308c                _fini
 .fini          0x00123098        0xc /opt/devkitpro/devkitARM/lib/gcc/arm-none-eabi/15.2.0/armv6k/fpu/crtn.o
                0x001230a4                        . = ALIGN (0x4)

.vfp11_veneer   0x001230a4        0x0
 .vfp11_veneer  0x001230a4        0x0 linker stubs

.v4_bx          0x001230a4        0x0
 .v4_bx         0x001230a4        0x0 linker stubs

.iplt           0x001230a4        0x0
 .iplt          0x001230a4        0x0 /opt/devkitpro/devkitARM/lib/gcc/arm-none-eabi/15.2.0/../../../../arm-none-eabi/lib/armv6k/fpu/3dsx_crt0.o
                0x00124000                        . = ALIGN (0x1000)

.rodata         0x00124000     0x543c
 *(.rodata)
 .rodata        0x00124000       0x60 main.o
 .rodata        0x00124060        0xc /opt/devkitpro/libctru/lib/libctru.a(archive_dev.o)
 *(.roda)
 *(.rodata.*)
 .rodata.str1.4
                0x0012406c      0x4d0 main.o
                                0x1eb (size before relaxing)
 .rodata.consolePrintChar
                0x0012453c        0x6 /opt/devkitpro/libctru/lib/libctru.a(console.o)
 .rodata.con_write
                0x00124542      0x23c /opt/devkitpro/libctru/lib/libctru.a(console.o)
 .rodata.str1.4
                0x0012477e        0x0 /opt/devkitpro/libctru/lib/libctru.a(console.o)
                                 0x10 (size before relaxing)
 *fill*         0x0012477e        0x2 
 .rodata.dotab_stdout
                0x00124780       0x80 /opt/devkitpro/libctru/lib/libctru.a(console.o)
 .rodata.grayScale
                0x00124800       0x18 /opt/devkitpro/libctru/lib/libctru.a(console.o)
 .rodata.colorCube
                0x00124818        0x6 /opt/devkitpro/libctru/lib/libctru.a(console.o)
 *fill*         0x0012481e        0x2 
 .rodata.colorTable
                0x00124820       0x30 /opt/devkitpro/libctru/lib/libctru.a(console.o)
 .rodata.aptEventHandler
                0x00124850        0xb /opt/devkitpro/libctru/lib/libctru.a(apt.o)
 .rodata.aptWaitForWakeUp.isra.0
                0x0012485b       0x11 /opt/devkitpro/libctru/lib/libctru.a(apt.o)
 .rodata.morton_y.2
                0x0012486c        0x8 /opt/devkitpro/libctru/lib/libctru.a(apt.o)
 .rodata.morton_x.3
                0x00124874        0x8 /opt/devkitpro/libctru/lib/libctru.a(apt.o)
 .rodata.s_sleepWakeEvents.4
                0x0012487c        0x8 /opt/devkitpro/libctru/lib/libctru.a(apt.o)
 .rodata.str1.4
                0x00124884        0x0 /opt/devkitpro/libctru/lib/libctru.a(apt.o)
                                 0x16 (size before relaxing)
 .rodata.serviceNameTable.5
                0x00124884        0xc /opt/devkitpro/libctru/lib/libctru.a(apt.o)
 .rodata.gspInit.str1.4
                0x00124890        0x0 /opt/devkitpro/libctru/lib/libctru.a(gspgpu.o)
                                  0x9 (size before relaxing)
 .rodata.hidInit.str1.4
                0x00124890        0x0 /opt/devkitpro/libctru/lib/libctru.a(hid.o)
                                 0x15 (size before relaxing)
 .rodata.irrstInit.str1.4
                0x00124890        0x0 /opt/devkitpro/libctru/lib/libctru.a(irrst.o)
                                  0x7 (size before relaxing)
 .rodata.connect.str1.4
                0x00124890        0x0 /opt/devkitpro/libctru/lib/libctru.a(soc_connect.o)
                                  0x4 (size before relaxing)
 .rodata.inet_pton.str1.4
                0x00124890        0x0 /opt/devkitpro/libctru/lib/libctru.a(soc_inet_pton.o)
                                 0x14 (size before relaxing)
 .rodata.socInit.str1.4
                0x00124890        0x0 /opt/devkitpro/libctru/lib/libctru.a(soc_init.o)
                                  0xe (size before relaxing)
 .rodata.str1.4
                0x00124890        0x0 /opt/devkitpro/libctru/lib/libctru.a(soc_init.o)
                                  0x4 (size before relaxing)
 .rodata.recvfrom.str1.4
                0x00124890        0x0 /opt/devkitpro/libctru/lib/libctru.a(soc_recvfrom.o)
                                  0x4 (size before relaxing)
 .rodata.sendto.str1.4
                0x00124890        0x0 /opt/devkitpro/libctru/lib/libctru.a(soc_sendto.o)
                                  0x4 (size before relaxing)
 .rodata.socket.str1.4
                0x00124890        0x0 /opt/devkitpro/libctru/lib/libctru.a(soc_socket.o)
                                  0x5 (size before relaxing)
 .rodata.__system_initArgv.str1.4
                0x00124890        0x0 /opt/devkitpro/libctru/lib/libctru.a(initArgv.o)
                                  0xa (size before relaxing)
 .rodata.default_font_bin
                0x00124890      0x800 /opt/devkitpro/libctru/lib/libctru.a(default_font.bin.o)
                0x00124890                default_font_bin
                0x00125090                default_font_bin_end
 .rodata.srvInit.str1.4
                0x00125090        0x0 /opt/devkitpro/libctru/lib/libctru.a(srv.o)
                                  0x5 (size before relaxing)
 .rodata.ptmSysmInit.str1.4
                0x00125090        0x0 /opt/devkitpro/libctru/lib/libctru.a(ptmsysm.o)
                                  0x9 (size before relaxing)
 .rodata._net_error_code_map
                0x00125090       0x4d /opt/devkitpro/libctru/lib/libctru.a(soc_common.o)
 .rodata.archive_utf16path.str1.4
                0x001250dd        0x0 /opt/devkitpro/libctru/lib/libctru.a(archive_dev.o)
                                  0x2 (size before relaxing)
 .rodata._archiveUnmountDeviceStruct.part.0.str1.4
                0x001250dd        0x0 /opt/devkitpro/libctru/lib/libctru.a(archive_dev.o)
                                  0x2 (size before relaxing)
 .rodata._archiveMountDevice.str1.4
                0x001250dd        0x0 /opt/devkitpro/libctru/lib/libctru.a(archive_dev.o)
                                  0xc (size before relaxing)
 .rodata.archiveMountSdmc.str1.4
                0x001250dd        0x0 /opt/devkitpro/libctru/lib/libctru.a(archive_dev.o)
                                  0x5 (size before relaxing)
 *fill*         0x001250dd        0x3 
 .rodata.error_table
                0x001250e0       0x30 /opt/devkitpro/libctru/lib/libctru.a(archive_dev.o)
 .rodata.str1.4
                0x00125110        0x0 /opt/devkitpro/libctru/lib/libctru.a(archive_dev.o)
                                  0x8 (size before relaxing)
 .rodata.archive_devoptab
                0x00125110       0x80 /opt/devkitpro/libctru/lib/libctru.a(archive_dev.o)
 .rodata.fsInit.str1.4
                0x00125190        0x0 /opt/devkitpro/libctru/lib/libctru.a(fs.o)
                                  0x8 (size before relaxing)
 .rodata.__ssvfscanf_r.str1.1
                0x00125190       0x40 /opt/devkitpro/devkitARM/lib/gcc/arm-none-eabi/15.2.0/../../../../arm-none-eabi/lib/armv6k/fpu/libg.a(libc_a-svfscanf.o)
                                  0x6 (size before relaxing)
 .rodata.__ssvfscanf_r
                0x001251d0      0x114 /opt/devkitpro/devkitARM/lib/gcc/arm-none-eabi/15.2.0/../../../../arm-none-eabi/lib/armv6k/fpu/libg.a(libc_a-svfscanf.o)
 .rodata.basefix.0
                0x001252e4       0x22 /opt/devkitpro/devkitARM/lib/gcc/arm-none-eabi/15.2.0/../../../../arm-none-eabi/lib/armv6k/fpu/libg.a(libc_a-svfscanf.o)
 .rodata._strtod_l.str1.4
                0x00125306        0x0 /opt/devkitpro/devkitARM/lib/gcc/arm-none-eabi/15.2.0/../../../../arm-none-eabi/lib/armv6k/fpu/libg.a(libc_a-strtod.o)
                                 0x15 (size before relaxing)
 .rodata._strtod_l
                0x00125306       0x61 /opt/devkitpro/devkitARM/lib/gcc/arm-none-eabi/15.2.0/../../../../arm-none-eabi/lib/armv6k/fpu/libg.a(libc_a-strtod.o)
 *fill*         0x00125367        0x1 
 .rodata.fpinan.0
                0x00125368       0x14 /opt/devkitpro/devkitARM/lib/gcc/arm-none-eabi/15.2.0/../../../../arm-none-eabi/lib/armv6k/fpu/libg.a(libc_a-strtod.o)
 .rodata.fpi.1  0x0012537c       0x14 /opt/devkitpro/devkitARM/lib/gcc/arm-none-eabi/15.2.0/../../../../arm-none-eabi/lib/armv6k/fpu/libg.a(libc_a-strtod.o)
 .rodata.tinytens
                0x00125390       0x28 /opt/devkitpro/devkitARM/lib/gcc/arm-none-eabi/15.2.0/../../../../arm-none-eabi/lib/armv6k/fpu/libg.a(libc_a-strtod.o)
 .rodata.__gethex.str1.4
                0x001253b8        0x0 /opt/devkitpro/devkitARM/lib/gcc/arm-none-eabi/15.2.0/../../../../arm-none-eabi/lib/armv6k/fpu/libg.a(libc_a-gdtoa-gethex.o)
                                 0x94 (size before relaxing)
 .rodata.__hexdig
                0x001253b8      0x100 /opt/devkitpro/devkitARM/lib/gcc/arm-none-eabi/15.2.0/../../../../arm-none-eabi/lib/armv6k/fpu/libg.a(libc_a-gdtoa-gethex.o)
                0x001253b8                __hexdig
 .rodata._mbrtowc_r.str1.4
                0x001254b8        0x0 /opt/devkitpro/devkitARM/lib/gcc/arm-none-eabi/15.2.0/../../../../arm-none-eabi/lib/armv6k/fpu/libg.a(libc_a-mbrtowc.o)
                                  0x1 (size before relaxing)
 .rodata.str1.4
                0x001254b8        0x0 /opt/devkitpro/devkitARM/lib/gcc/arm-none-eabi/15.2.0/../../../../arm-none-eabi/lib/armv6k/fpu/libg.a(libc_a-locale.o)
                                 0x4c (size before relaxing)
 .rodata._puts_r.str1.4
                0x001254b8        0x0 /opt/devkitpro/devkitARM/lib/gcc/arm-none-eabi/15.2.0/../../../../arm-none-eabi/lib/armv6k/fpu/libg.a(libc_a-puts.o)
                                  0x2 (size before relaxing)
 .rodata.get_arg
                0x001254b8       0x34 /opt/devkitpro/devkitARM/lib/gcc/arm-none-eabi/15.2.0/../../../../arm-none-eabi/lib/armv6k/fpu/libg.a(libc_a-svfprintf.o)
 .rodata._svfprintf_r.str1.1
                0x001254ec        0x0 /opt/devkitpro/devkitARM/lib/gcc/arm-none-eabi/15.2.0/../../../../arm-none-eabi/lib/armv6k/fpu/libg.a(libc_a-svfprintf.o)
                                 0x3b (size before relaxing)
 .rodata._svfprintf_r
                0x001254ec       0xb6 /opt/devkitpro/devkitARM/lib/gcc/arm-none-eabi/15.2.0/../../../../arm-none-eabi/lib/armv6k/fpu/libg.a(libc_a-svfprintf.o)
 *fill*         0x001255a2        0x2 
 .rodata.zeroes.0
                0x001255a4       0x10 /opt/devkitpro/devkitARM/lib/gcc/arm-none-eabi/15.2.0/../../../../arm-none-eabi/lib/armv6k/fpu/libg.a(libc_a-svfprintf.o)
 .rodata.blanks.1
                0x001255b4       0x10 /opt/devkitpro/devkitARM/lib/gcc/arm-none-eabi/15.2.0/../../../../arm-none-eabi/lib/armv6k/fpu/libg.a(libc_a-svfprintf.o)
 .rodata._ctype_
                0x001255c4      0x101 /opt/devkitpro/devkitARM/lib/gcc/arm-none-eabi/15.2.0/../../../../arm-none-eabi/lib/armv6k/fpu/libg.a(libc_a-ctype_.o)
                0x001255c4                _ctype_
 .rodata.__assert_func.str1.4
                0x001256c5        0x0 /opt/devkitpro/devkitARM/lib/gcc/arm-none-eabi/15.2.0/../../../../arm-none-eabi/lib/armv6k/fpu/libg.a(libc_a-assert.o)
                                 0x43 (size before relaxing)
 .rodata.__multadd.str1.4
                0x001256c5        0x0 /opt/devkitpro/devkitARM/lib/gcc/arm-none-eabi/15.2.0/../../../../arm-none-eabi/lib/armv6k/fpu/libg.a(libc_a-mprec.o)
                                 0x89 (size before relaxing)
 *fill*         0x001256c5        0x3 
 .rodata.p05.0  0x001256c8        0xc /opt/devkitpro/devkitARM/lib/gcc/arm-none-eabi/15.2.0/../../../../arm-none-eabi/lib/armv6k/fpu/libg.a(libc_a-mprec.o)
 *fill*         0x001256d4        0x4 
 .rodata.__mprec_bigtens
                0x001256d8       0x28 /opt/devkitpro/devkitARM/lib/gcc/arm-none-eabi/15.2.0/../../../../arm-none-eabi/lib/armv6k/fpu/libg.a(libc_a-mprec.o)
                0x001256d8                __mprec_bigtens
 .rodata.__mprec_tens
                0x00125700       0xc8 /opt/devkitpro/devkitARM/lib/gcc/arm-none-eabi/15.2.0/../../../../arm-none-eabi/lib/armv6k/fpu/libg.a(libc_a-mprec.o)
                0x00125700                __mprec_tens
 .rodata.get_arg
                0x001257c8       0x34 /opt/devkitpro/devkitARM/lib/gcc/arm-none-eabi/15.2.0/../../../../arm-none-eabi/lib/armv6k/fpu/libg.a(libc_a-vfprintf.o)
 .rodata._vfprintf_r.str1.1
                0x001257fc        0x0 /opt/devkitpro/devkitARM/lib/gcc/arm-none-eabi/15.2.0/../../../../arm-none-eabi/lib/armv6k/fpu/libg.a(libc_a-vfprintf.o)
                                 0x3b (size before relaxing)
 .rodata._vfprintf_r
                0x001257fc       0xb6 /opt/devkitpro/devkitARM/lib/gcc/arm-none-eabi/15.2.0/../../../../arm-none-eabi/lib/armv6k/fpu/libg.a(libc_a-vfprintf.o)
 *fill*         0x001258b2        0x2 
 .rodata.zeroes.0
                0x001258b4       0x10 /opt/devkitpro/devkitARM/lib/gcc/arm-none-eabi/15.2.0/../../../../arm-none-eabi/lib/armv6k/fpu/libg.a(libc_a-vfprintf.o)
 .rodata.blanks.1
                0x001258c4       0x10 /opt/devkitpro/devkitARM/lib/gcc/arm-none-eabi/15.2.0/../../../../arm-none-eabi/lib/armv6k/fpu/libg.a(libc_a-vfprintf.o)
 .rodata.__action_table
                0x001258d4       0x6c /opt/devkitpro/devkitARM/lib/gcc/arm-none-eabi/15.2.0/../../../../arm-none-eabi/lib/armv6k/fpu/libg.a(libc_a-svfiprintf.o)
                0x001258d4                __action_table
 .rodata.__state_table
                0x00125940       0x6c /opt/devkitpro/devkitARM/lib/gcc/arm-none-eabi/15.2.0/../../../../arm-none-eabi/lib/armv6k/fpu/libg.a(libc_a-svfiprintf.o)
                0x00125940                __state_table
 .rodata.__chclass
                0x001259ac      0x100 /opt/devkitpro/devkitARM/lib/gcc/arm-none-eabi/15.2.0/../../../../arm-none-eabi/lib/armv6k/fpu/libg.a(libc_a-svfiprintf.o)
                0x001259ac                __chclass
 .rodata._dtoa_r.str1.4
                0x00125aac        0x0 /opt/devkitpro/devkitARM/lib/gcc/arm-none-eabi/15.2.0/../../../../arm-none-eabi/lib/armv6k/fpu/libg.a(libc_a-dtoa.o)
                                 0x9c (size before relaxing)
 .rodata._dtoa_r
                0x00125aac        0x8 /opt/devkitpro/devkitARM/lib/gcc/arm-none-eabi/15.2.0/../../../../arm-none-eabi/lib/armv6k/fpu/libg.a(libc_a-dtoa.o)
 .rodata.get_arg
                0x00125ab4       0x34 /opt/devkitpro/devkitARM/lib/gcc/arm-none-eabi/15.2.0/../../../../arm-none-eabi/lib/armv6k/fpu/libg.a(libc_a-vfiprintf.o)
 .rodata._vfiprintf_r.str1.1
                0x00125ae8        0x0 /opt/devkitpro/devkitARM/lib/gcc/arm-none-eabi/15.2.0/../../../../arm-none-eabi/lib/armv6k/fpu/libg.a(libc_a-vfiprintf.o)
                                 0x29 (size before relaxing)
 .rodata._vfiprintf_r
                0x00125ae8       0xb6 /opt/devkitpro/devkitARM/lib/gcc/arm-none-eabi/15.2.0/../../../../arm-none-eabi/lib/armv6k/fpu/libg.a(libc_a-vfiprintf.o)
 *fill*         0x00125b9e        0x2 
 .rodata.zeroes.0
                0x00125ba0       0x10 /opt/devkitpro/devkitARM/lib/gcc/arm-none-eabi/15.2.0/../../../../arm-none-eabi/lib/armv6k/fpu/libg.a(libc_a-vfiprintf.o)
 .rodata.blanks.1
                0x00125bb0       0x10 /opt/devkitpro/devkitARM/lib/gcc/arm-none-eabi/15.2.0/../../../../arm-none-eabi/lib/armv6k/fpu/libg.a(libc_a-vfiprintf.o)
 .rodata.categories
                0x00125bc0     0x37f8 /opt/devkitpro/devkitARM/lib/gcc/arm-none-eabi/15.2.0/../../../../arm-none-eabi/lib/armv6k/fpu/libg.a(libc_a-categories.o)
 .rodata.str1.4
                0x001293b8        0x0 /opt/devkitpro/devkitARM/lib/gcc/arm-none-eabi/15.2.0/../../../../arm-none-eabi/lib/armv6k/fpu/libsysbase.a(libsysbase_libsysbase_a-iosupport.o)
                                  0x8 (size before relaxing)
 .rodata.dotab_stdnull
                0x001293b8       0x80 /opt/devkitpro/devkitARM/lib/gcc/arm-none-eabi/15.2.0/../../../../arm-none-eabi/lib/armv6k/fpu/libsysbase.a(libsysbase_libsysbase_a-iosupport.o)
                0x001293b8                dotab_stdnull
 *all.rodata*(*)
 *(.gnu.linkonce.r*)
                0x00129438                        . = ALIGN (0x4)
                0x00129438                        __tdata_align = .
                0x00129438        0x4 LONG 0x4 ALIGNOF (.tdata)
                0x0012943c                        . = ALIGN (0x4)

.eh_frame       0x0012943c        0x0
 .eh_frame      0x0012943c        0x0 /opt/devkitpro/devkitARM/lib/gcc/arm-none-eabi/15.2.0/armv6k/fpu/crtbegin.o

.rel.dyn        0x0012943c        0x0
 .rel.iplt      0x0012943c        0x0 /opt/devkitpro/devkitARM/lib/gcc/arm-none-eabi/15.2.0/../../../../arm-none-eabi/lib/armv6k/fpu/3dsx_crt0.o
 .rel.got       0x0012943c        0x0 /opt/devkitpro/devkitARM/lib/gcc/arm-none-eabi/15.2.0/../../../../arm-none-eabi/lib/armv6k/fpu/3dsx_crt0.o

.ARM.extab
 *(.ARM.extab* .gnu.linkonce.armextab.*)
                0x0012943c                        __exidx_start = .

.ARM.exidx
 *(.ARM.exidx* .gnu.linkonce.armexidx.*)
                0x0012943c                        __exidx_end = .
                0x0012a000                        . = ALIGN (0x1000)

.data           0x0012a000     0x1e14
 *(.data)
 *(.data.*)
 .data.firstConsoleInit.0
                0x0012a000        0x1 /opt/devkitpro/libctru/lib/libctru.a(console.o)
 *fill*         0x0012a001        0x3 
 .data.currentConsole
                0x0012a004        0x4 /opt/devkitpro/libctru/lib/libctru.a(console.o)
                0x0012a004                currentConsole
 .data.defaultConsole
                0x0012a008       0x48 /opt/devkitpro/libctru/lib/libctru.a(console.o)
                0x0012a008                defaultConsole
 .data.aptChainloadDeliverArgSize
                0x0012a050        0x4 /opt/devkitpro/libctru/lib/libctru.a(apt.o)
 .data.kCount   0x0012a054        0x4 /opt/devkitpro/libctru/lib/libctru.a(hid.o)
 .data.kInterval
                0x0012a058        0x4 /opt/devkitpro/libctru/lib/libctru.a(hid.o)